Archive member included because of file (symbol)

c:/chibistudio/tools/gnu tools arm embedded/4.7 2013q1/bin/../lib/gcc/arm-none-eabi/4.7.3/../../../../arm-none-eabi/lib/armv7e-m\libm.a(lib_a-w_sqrt.o)
                              build/obj/main.o (sqrt)
c:/chibistudio/tools/gnu tools arm embedded/4.7 2013q1/bin/../lib/gcc/arm-none-eabi/4.7.3/../../../../arm-none-eabi/lib/armv7e-m\libm.a(lib_a-e_sqrt.o)
                              c:/chibistudio/tools/gnu tools arm embedded/4.7 2013q1/bin/../lib/gcc/arm-none-eabi/4.7.3/../../../../arm-none-eabi/lib/armv7e-m\libm.a(lib_a-w_sqrt.o) (__ieee754_sqrt)
c:/chibistudio/tools/gnu tools arm embedded/4.7 2013q1/bin/../lib/gcc/arm-none-eabi/4.7.3/../../../../arm-none-eabi/lib/armv7e-m\libm.a(lib_a-s_fpclassify.o)
                              c:/chibistudio/tools/gnu tools arm embedded/4.7 2013q1/bin/../lib/gcc/arm-none-eabi/4.7.3/../../../../arm-none-eabi/lib/armv7e-m\libm.a(lib_a-w_sqrt.o) (__fpclassifyd)
c:/chibistudio/tools/gnu tools arm embedded/4.7 2013q1/bin/../lib/gcc/arm-none-eabi/4.7.3/../../../../arm-none-eabi/lib/armv7e-m\libm.a(lib_a-s_lib_ver.o)
                              c:/chibistudio/tools/gnu tools arm embedded/4.7 2013q1/bin/../lib/gcc/arm-none-eabi/4.7.3/../../../../arm-none-eabi/lib/armv7e-m\libm.a(lib_a-w_sqrt.o) (__fdlib_version)
c:/chibistudio/tools/gnu tools arm embedded/4.7 2013q1/bin/../lib/gcc/arm-none-eabi/4.7.3/../../../../arm-none-eabi/lib/armv7e-m\libm.a(lib_a-s_matherr.o)
                              c:/chibistudio/tools/gnu tools arm embedded/4.7 2013q1/bin/../lib/gcc/arm-none-eabi/4.7.3/../../../../arm-none-eabi/lib/armv7e-m\libm.a(lib_a-w_sqrt.o) (matherr)
c:/chibistudio/tools/gnu tools arm embedded/4.7 2013q1/bin/../lib/gcc/arm-none-eabi/4.7.3/armv7e-m\libgcc.a(_arm_addsubdf3.o)
                              build/obj/chprintf.o (__aeabi_dsub)
c:/chibistudio/tools/gnu tools arm embedded/4.7 2013q1/bin/../lib/gcc/arm-none-eabi/4.7.3/armv7e-m\libgcc.a(_arm_muldivdf3.o)
                              build/obj/chprintf.o (__aeabi_dmul)
c:/chibistudio/tools/gnu tools arm embedded/4.7 2013q1/bin/../lib/gcc/arm-none-eabi/4.7.3/armv7e-m\libgcc.a(_arm_cmpdf2.o)
                              c:/chibistudio/tools/gnu tools arm embedded/4.7 2013q1/bin/../lib/gcc/arm-none-eabi/4.7.3/../../../../arm-none-eabi/lib/armv7e-m\libm.a(lib_a-w_sqrt.o) (__aeabi_dcmplt)
c:/chibistudio/tools/gnu tools arm embedded/4.7 2013q1/bin/../lib/gcc/arm-none-eabi/4.7.3/armv7e-m\libgcc.a(_arm_fixdfsi.o)
                              build/obj/chprintf.o (__aeabi_d2iz)
c:/chibistudio/tools/gnu tools arm embedded/4.7 2013q1/bin/../lib/gcc/arm-none-eabi/4.7.3/armv7e-m\libgcc.a(_arm_fixunsdfsi.o)
                              build/obj/main.o (__aeabi_d2uiz)
c:/chibistudio/tools/gnu tools arm embedded/4.7 2013q1/bin/../lib/gcc/arm-none-eabi/4.7.3/armv7e-m\libgcc.a(_arm_truncdfsf2.o)
                              build/obj/chprintf.o (__aeabi_d2f)
c:/chibistudio/tools/gnu tools arm embedded/4.7 2013q1/bin/../lib/gcc/arm-none-eabi/4.7.3/../../../../arm-none-eabi/lib/armv7e-m\libc.a(lib_a-atoi.o)
                              build/obj/main.o (atoi)
c:/chibistudio/tools/gnu tools arm embedded/4.7 2013q1/bin/../lib/gcc/arm-none-eabi/4.7.3/../../../../arm-none-eabi/lib/armv7e-m\libc.a(lib_a-errno.o)
                              c:/chibistudio/tools/gnu tools arm embedded/4.7 2013q1/bin/../lib/gcc/arm-none-eabi/4.7.3/../../../../arm-none-eabi/lib/armv7e-m\libm.a(lib_a-w_sqrt.o) (__errno)
c:/chibistudio/tools/gnu tools arm embedded/4.7 2013q1/bin/../lib/gcc/arm-none-eabi/4.7.3/../../../../arm-none-eabi/lib/armv7e-m\libc.a(lib_a-impure.o)
                              c:/chibistudio/tools/gnu tools arm embedded/4.7 2013q1/bin/../lib/gcc/arm-none-eabi/4.7.3/../../../../arm-none-eabi/lib/armv7e-m\libc.a(lib_a-errno.o) (_impure_ptr)
c:/chibistudio/tools/gnu tools arm embedded/4.7 2013q1/bin/../lib/gcc/arm-none-eabi/4.7.3/../../../../arm-none-eabi/lib/armv7e-m\libc.a(lib_a-lcltime_r.o)
                              build/obj/chrtclib.o (localtime_r)
c:/chibistudio/tools/gnu tools arm embedded/4.7 2013q1/bin/../lib/gcc/arm-none-eabi/4.7.3/../../../../arm-none-eabi/lib/armv7e-m\libc.a(lib_a-memcpy.o)
                              build/obj/sdc_lld.o (memcpy)
c:/chibistudio/tools/gnu tools arm embedded/4.7 2013q1/bin/../lib/gcc/arm-none-eabi/4.7.3/../../../../arm-none-eabi/lib/armv7e-m\libc.a(lib_a-memset.o)
                              build/obj/main.o (memset)
c:/chibistudio/tools/gnu tools arm embedded/4.7 2013q1/bin/../lib/gcc/arm-none-eabi/4.7.3/../../../../arm-none-eabi/lib/armv7e-m\libc.a(lib_a-mktime.o)
                              build/obj/chrtclib.o (mktime)
c:/chibistudio/tools/gnu tools arm embedded/4.7 2013q1/bin/../lib/gcc/arm-none-eabi/4.7.3/../../../../arm-none-eabi/lib/armv7e-m\libc.a(lib_a-mktm_r.o)
[...]
Memory Configuration

Name             Origin             Length             Attributes
flash            0x08020000         0x000e0000
ram              0x20000000         0x0001c000
ethram           0x2001c000         0x00004000
ccmram           0x10000000         0x00010000
*default*        0x00000000         0xffffffff

Linker script and memory map

LOAD build/obj/kb_debug_asm.o
LOAD build/obj/crt0.o
LOAD build/obj/vectors.o
LOAD build/obj/chcore.o
LOAD build/obj/chcore_v7m.o
LOAD build/obj/nvic.o
LOAD build/obj/chsys.o
LOAD build/obj/chdebug.o
LOAD build/obj/chlists.o
LOAD build/obj/chvt.o
LOAD build/obj/chschd.o
LOAD build/obj/chthreads.o
LOAD build/obj/chdynamic.o
LOAD build/obj/chregistry.o
LOAD build/obj/chsem.o
LOAD build/obj/chmtx.o
LOAD build/obj/chcond.o
LOAD build/obj/chevents.o
LOAD build/obj/chmsg.o
LOAD build/obj/chmboxes.o
LOAD build/obj/chqueues.o
LOAD build/obj/chmemcore.o
LOAD build/obj/chheap.o
LOAD build/obj/chmempools.o
LOAD build/obj/hal.o
LOAD build/obj/adc.o
LOAD build/obj/can.o
LOAD build/obj/dac.o
LOAD build/obj/ext.o
LOAD build/obj/gpt.o
LOAD build/obj/i2c.o
LOAD build/obj/icu.o
LOAD build/obj/mac.o
LOAD build/obj/mmc_spi.o
LOAD build/obj/mmcsd.o
LOAD build/obj/pal.o
LOAD build/obj/pwm.o
LOAD build/obj/rtc.o
LOAD build/obj/sdc.o
LOAD build/obj/serial.o
LOAD build/obj/serial_usb.o
LOAD build/obj/spi.o
LOAD build/obj/tm.o
LOAD build/obj/uart.o
LOAD build/obj/usb.o
LOAD build/obj/stm32_dma.o
LOAD build/obj/hal_lld.o
LOAD build/obj/adc_lld.o
LOAD build/obj/ext_lld_isr.o
LOAD build/obj/can_lld.o
LOAD build/obj/ext_lld.o
LOAD build/obj/mac_lld.o
LOAD build/obj/sdc_lld.o
LOAD build/obj/pal_lld.o
LOAD build/obj/i2c_lld.o
LOAD build/obj/usb_lld.o
LOAD build/obj/rtc_lld.o
LOAD build/obj/spi_lld.o
LOAD build/obj/gpt_lld.o
LOAD build/obj/icu_lld.o
LOAD build/obj/pwm_lld.o
LOAD build/obj/serial_lld.o
LOAD build/obj/uart_lld.o
LOAD build/obj/board.o
LOAD build/obj/chprintf.o
LOAD build/obj/chrtclib.o
LOAD build/obj/memstreams.o
LOAD build/obj/shell.o
LOAD build/obj/kb_buttons.o
LOAD build/obj/kb_debug.o
LOAD build/obj/kb_util.o
LOAD build/obj/glcdfont.o
LOAD build/obj/main.o
LOAD build/obj/spiEEPROM.o
LOAD build/obj/ST7565.o
LOAD c:/chibistudio/tools/gnu tools arm embedded/4.7 2013q1/bin/../lib/gcc/arm-none-eabi/4.7.3/../../../../arm-none-eabi/lib/armv7e-m\libm.a
START GROUP
LOAD c:/chibistudio/tools/gnu tools arm embedded/4.7 2013q1/bin/../lib/gcc/arm-none-eabi/4.7.3/armv7e-m\libgcc.a
LOAD c:/chibistudio/tools/gnu tools arm embedded/4.7 2013q1/bin/../lib/gcc/arm-none-eabi/4.7.3/../../../../arm-none-eabi/lib/armv7e-m\libc.a
END GROUP
                0x00000400                __main_stack_size__ = 0x400
                0x00000400                __process_stack_size__ = 0x400
                0x20000000                __ram_start__ = ORIGIN (ram)
                0x0001c000                __ram_size__ = 0x1c000
                0x2001c000                __ram_end__ = (__ram_start__ + __ram_size__)
                0x00000000                . = 0x0
                0x00000000                _text = .

startup         0x08020000      0x188
 *(vectors)
 vectors        0x08020000      0x188 build/obj/vectors.o
                0x08020000                _vectors

constructors    0x08020188        0x0
                0x08020188                PROVIDE (__init_array_start, .)
 *(SORT(.init_array.*))
 *(.init_array)
                0x08020188                PROVIDE (__init_array_end, .)

destructors     0x08020188        0x0
                0x08020188                PROVIDE (__fini_array_start, .)
 *(.fini_array)
 *(SORT(.fini_array.*))
                0x08020188                PROVIDE (__fini_array_end, .)

.text           0x08020190     0xc1f4
 *(.text.startup.*)
 *(.text)
 .text          0x08020190       0x12 build/obj/kb_debug_asm.o
                0x08020190                HardFaultVector
 *fill*         0x080201a2        0xe 00
 .text          0x080201b0      0x370 c:/chibistudio/tools/gnu tools arm embedded/4.7 2013q1/bin/../lib/gcc/arm-none-eabi/4.7.3/armv7e-m\libgcc.a(_arm_addsubdf3.o)
                0x080201b0                __aeabi_drsub
                0x080201b8                __aeabi_dsub
                0x080201b8                __subdf3
                0x080201bc                __aeabi_dadd
                0x080201bc                __adddf3
                0x08020434                __floatunsidf
                0x08020434                __aeabi_ui2d
                0x08020454                __floatsidf
                0x08020454                __aeabi_i2d
                0x08020478                __aeabi_f2d
                0x08020478                __extendsfdf2
                0x080204b4                __floatundidf
                0x080204b4                __aeabi_ul2d
                0x080204c4                __floatdidf
                0x080204c4                __aeabi_l2d
 .text          0x08020520      0x424 c:/chibistudio/tools/gnu tools arm embedded/4.7 2013q1/bin/../lib/gcc/arm-none-eabi/4.7.3/armv7e-m\libgcc.a(_arm_muldivdf3.o)
                0x08020520                __aeabi_dmul
                0x08020520                __muldf3
                0x08020774                __divdf3
                0x08020774                __aeabi_ddiv
 *fill*         0x08020944        0xc 00
 .text          0x08020950      0x110 c:/chibistudio/tools/gnu tools arm embedded/4.7 2013q1/bin/../lib/gcc/arm-none-eabi/4.7.3/armv7e-m\libgcc.a(_arm_cmpdf2.o)
                0x08020950                __gtdf2
                0x08020950                __gedf2
                0x08020958                __ltdf2
                0x08020958                __ledf2
                0x08020960                __nedf2
                0x08020960                __eqdf2
                0x08020960                __cmpdf2
                0x080209dc                __aeabi_cdrcmple
                0x080209ec                __aeabi_cdcmpeq
                0x080209ec                __aeabi_cdcmple
                0x080209fc                __aeabi_dcmpeq
                0x08020a10                __aeabi_dcmplt
                0x08020a24                __aeabi_dcmple
                0x08020a38                __aeabi_dcmpge
                0x08020a4c                __aeabi_dcmpgt
 .text          0x08020a60       0x50 c:/chibistudio/tools/gnu tools arm embedded/4.7 2013q1/bin/../lib/gcc/arm-none-eabi/4.7.3/armv7e-m\libgcc.a(_arm_fixdfsi.o)
                0x08020a60                __aeabi_d2iz
                0x08020a60                __fixdfsi
 .text          0x08020ab0       0x40 c:/chibistudio/tools/gnu tools arm embedded/4.7 2013q1/bin/../lib/gcc/arm-none-eabi/4.7.3/armv7e-m\libgcc.a(_arm_fixunsdfsi.o)
                0x08020ab0                __aeabi_d2uiz
                0x08020ab0                __fixunsdfsi
 .text          0x08020af0       0xa0 c:/chibistudio/tools/gnu tools arm embedded/4.7 2013q1/bin/../lib/gcc/arm-none-eabi/4.7.3/armv7e-m\libgcc.a(_arm_truncdfsf2.o)
                0x08020af0                __truncdfsf2
                0x08020af0                __aeabi_d2f
 *(.text.*)
 .text.__late_init
                0x08020b90       0x10 build/obj/crt0.o
                0x08020b90                __late_init
 .text._default_exit
                0x08020ba0       0x10 build/obj/crt0.o
                0x08020ba0                _default_exit
 .text.ResetHandler
                0x08020bb0      0x130 build/obj/crt0.o
                0x08020bb0                ResetHandler
 .text._unhandled_exception
                0x08020ce0       0x10 build/obj/vectors.o
                0x08020ce0                NMIVector
                0x08020ce0                Vector11C
                0x08020ce0                Vector8C
                0x08020ce0                VectorDC
                0x08020ce0                Vector168
                0x08020ce0                Vector110
                0x08020ce0                VectorC8
                0x08020ce0                Vector94
                0x08020ce0                VectorA8
                0x08020ce0                VectorB4
                0x08020ce0                Vector160
                0x08020ce0                VectorEC
                0x08020ce0                UsageFaultVector
                0x08020ce0                DebugMonitorVector
                0x08020ce0                Vector40
                0x08020ce0                VectorF8
                0x08020ce0                Vector108
                0x08020ce0                VectorBC
                0x08020ce0                Vector148
                0x08020ce0                PendSVVector
                0x08020ce0                Vector118
                0x08020ce0                VectorCC
                0x08020ce0                Vector54
                0x08020ce0                Vector98
                0x08020ce0                Vector24
                0x08020ce0                Vector178
                0x08020ce0                BusFaultVector
                0x08020ce0                VectorD0
                0x08020ce0                Vector140
                0x08020ce0                VectorC0
                0x08020ce0                Vector134
                0x08020ce0                VectorF0
                0x08020ce0                Vector13C
                0x08020ce0                Vector100
                0x08020ce0                MemManageVector
                0x08020ce0                VectorA0
                0x08020ce0                VectorC4
                0x08020ce0                Vector180
                0x08020ce0                Vector90
                0x08020ce0                Vector114
                0x08020ce0                Vector164
                0x08020ce0                Vector1C
                0x08020ce0                Vector17C
                0x08020ce0                Vector48
                0x08020ce0                Vector16C
                0x08020ce0                Vector144
                0x08020ce0                _unhandled_exception
                0x08020ce0                Vector184
                0x08020ce0                Vector10C
                0x08020ce0                Vector14C
                0x08020ce0                Vector50
                0x08020ce0                Vector28
                0x08020ce0                VectorB8
                0x08020ce0                Vector34
                0x08020ce0                Vector20
                0x08020ce0                Vector174
 .text.port_halt
                0x08020cf0       0x10 build/obj/chcore.o
                0x08020cf0                port_halt
 .text.SysTickVector
                0x08020d00       0x30 build/obj/chcore_v7m.o
                0x08020d00                SysTickVector
 .text.SVCallVector
                0x08020d30       0x50 build/obj/chcore_v7m.o
                0x08020d30                SVCallVector
 .text._port_init
                0x08020d80       0x50 build/obj/chcore_v7m.o
                0x08020d80                _port_init
 .text._port_irq_epilogue
                0x08020dd0       0xf0 build/obj/chcore_v7m.o
                0x08020dd0                _port_irq_epilogue
 .text._port_switch_from_isr
                0x08020ec0       0x10 build/obj/chcore_v7m.o
                0x08020ec0                _port_switch_from_isr
 .text._port_switch
                0x08020ed0       0x20 build/obj/chcore_v7m.o
                0x08020ed0                _port_switch
 .text._port_thread_start
                0x08020ef0       0x20 build/obj/chcore_v7m.o
                0x08020ef0                _port_thread_start
 .text.nvicEnableVector
                0x08020f10       0xb0 build/obj/nvic.o
                0x08020f10                nvicEnableVector
 .text.nvicDisableVector
                0x08020fc0       0x80 build/obj/nvic.o
                0x08020fc0                nvicDisableVector
 .text.nvicSetSystemHandlerPriority
                0x08021040       0x60 build/obj/nvic.o
                0x08021040                nvicSetSystemHandlerPriority
 .text._idle_thread
                0x080210a0       0x20 build/obj/chsys.o
                0x080210a0                _idle_thread
 .text.chSysInit
                0x080210c0       0xb0 build/obj/chsys.o
                0x080210c0                chSysInit
 .text.chSysTimerHandlerI
                0x08021170       0xf0 build/obj/chsys.o
                0x08021170                chSysTimerHandlerI
 .text.dbg_check_enable
                0x08021260       0x30 build/obj/chdebug.o
                0x08021260                dbg_check_enable
 .text.dbg_check_lock
                0x08021290       0x40 build/obj/chdebug.o
                0x08021290                dbg_check_lock
 .text.dbg_check_unlock
                0x080212d0       0x40 build/obj/chdebug.o
                0x080212d0                dbg_check_unlock
 .text.dbg_check_lock_from_isr
                0x08021310       0x40 build/obj/chdebug.o
                0x08021310                dbg_check_lock_from_isr
 .text.dbg_check_unlock_from_isr
                0x08021350       0x40 build/obj/chdebug.o
                0x08021350                dbg_check_unlock_from_isr
 .text.dbg_check_enter_isr
                0x08021390       0x60 build/obj/chdebug.o
                0x08021390                dbg_check_enter_isr
 .text.dbg_check_leave_isr
                0x080213f0       0x60 build/obj/chdebug.o
                0x080213f0                dbg_check_leave_isr
 .text.chDbgCheckClassI
                0x08021450       0x30 build/obj/chdebug.o
                0x08021450                chDbgCheckClassI
 .text.chDbgCheckClassS
                0x08021480       0x30 build/obj/chdebug.o
                0x08021480                chDbgCheckClassS
 .text._trace_init
                0x080214b0       0x20 build/obj/chdebug.o
                0x080214b0                _trace_init
 .text.dbg_trace
                0x080214d0       0xa0 build/obj/chdebug.o
                0x080214d0                dbg_trace
 .text.chDbgPanic
                0x08021570       0x20 build/obj/chdebug.o
                0x08021570                chDbgPanic
 .text._vt_init
                0x08021590       0x50 build/obj/chvt.o
                0x08021590                _vt_init
 .text.chVTSetI
                0x080215e0       0xb0 build/obj/chvt.o
                0x080215e0                chVTSetI
 .text.chVTResetI
                0x08021690       0x80 build/obj/chvt.o
                0x08021690                chVTResetI
 .text.fifo_remove
                0x08021710       0x30 build/obj/chschd.o
 .text.dequeue  0x08021740       0x20 build/obj/chschd.o
 .text._scheduler_init
                0x08021760       0x60 build/obj/chschd.o
                0x08021760                _scheduler_init
 .text.chSchReadyI
                0x080217c0       0x80 build/obj/chschd.o
                0x080217c0                chSchReadyI
 .text.chSchGoSleepS
                0x08021840       0x90 build/obj/chschd.o
                0x08021840                chSchGoSleepS
 .text.wakeup   0x080218d0       0xa0 build/obj/chschd.o
 .text.chSchGoSleepTimeoutS
                0x08021970       0x70 build/obj/chschd.o
                0x08021970                chSchGoSleepTimeoutS
 .text.chSchWakeupS
                0x080219e0       0x90 build/obj/chschd.o
                0x080219e0                chSchWakeupS
 .text.chSchDoRescheduleBehind
                0x08021a70       0x80 build/obj/chschd.o
                0x08021a70                chSchDoRescheduleBehind
 .text.chSchDoRescheduleAhead
                0x08021af0       0xc0 build/obj/chschd.o
                0x08021af0                chSchDoRescheduleAhead
 .text.chSchDoReschedule
                0x08021bb0       0x20 build/obj/chschd.o
                0x08021bb0                chSchDoReschedule
 .text.list_remove
                0x08021bd0       0x20 build/obj/chthreads.o
 .text._thread_init
                0x08021bf0       0xc0 build/obj/chthreads.o
                0x08021bf0                _thread_init
 .text._thread_memfill
                0x08021cb0       0x30 build/obj/chthreads.o
                0x08021cb0                _thread_memfill
 .text.chThdCreateI
                0x08021ce0       0x80 build/obj/chthreads.o
                0x08021ce0                chThdCreateI
 .text.chThdCreateStatic
                0x08021d60       0x80 build/obj/chthreads.o
                0x08021d60                chThdCreateStatic
 .text.chThdSleep
                0x08021de0       0x40 build/obj/chthreads.o
                0x08021de0                chThdSleep
 .text.chThdExit
                0x08021e20       0x20 build/obj/chthreads.o
                0x08021e20                chThdExit
 .text.chThdExitS
                0x08021e40       0x80 build/obj/chthreads.o
                0x08021e40                chThdExitS
 .text.chThdRelease
                0x08021ec0       0xc0 build/obj/chdynamic.o
                0x08021ec0                chThdRelease
 .text.chThdCreateFromHeap
                0x08021f80       0xa0 build/obj/chdynamic.o
                0x08021f80                chThdCreateFromHeap
 .text.prio_insert
                0x08022020       0x50 build/obj/chmtx.o
 .text.fifo_remove
                0x08022070       0x30 build/obj/chmtx.o
 .text.dequeue  0x080220a0       0x20 build/obj/chmtx.o
 .text.chMtxInit
                0x080220c0       0x40 build/obj/chmtx.o
                0x080220c0                chMtxInit
 .text.chMtxLock
                0x08022100       0x30 build/obj/chmtx.o
                0x08022100                chMtxLock
 .text.chMtxLockS
                0x08022130      0x110 build/obj/chmtx.o
                0x08022130                chMtxLockS
 .text.chMtxUnlock
                0x08022240       0xf0 build/obj/chmtx.o
                0x08022240                chMtxUnlock
 .text.chEvtBroadcastFlagsI
                0x08022330       0x60 build/obj/chevents.o
                0x08022330                chEvtBroadcastFlagsI
 .text.chEvtSignalI
                0x08022390       0x70 build/obj/chevents.o
                0x08022390                chEvtSignalI
 .text.queue_insert
                0x08022400       0x30 build/obj/chqueues.o
 .text.fifo_remove
                0x08022430       0x30 build/obj/chqueues.o
 .text.qwait    0x08022460       0x50 build/obj/chqueues.o
 .text.chIQInit
                0x080224b0       0x50 build/obj/chqueues.o
                0x080224b0                chIQInit
 .text.chIQPutI
                0x08022500       0xa0 build/obj/chqueues.o
                0x08022500                chIQPutI
 .text.chIQGetTimeout
                0x080225a0       0xa0 build/obj/chqueues.o
                0x080225a0                chIQGetTimeout
 .text.chIQReadTimeout
                0x08022640       0xe0 build/obj/chqueues.o
                0x08022640                chIQReadTimeout
 .text.chOQInit
                0x08022720       0x50 build/obj/chqueues.o
                0x08022720                chOQInit
 .text.chOQPutTimeout
                0x08022770       0xa0 build/obj/chqueues.o
                0x08022770                chOQPutTimeout
 .text.chOQGetI
                0x08022810       0xa0 build/obj/chqueues.o
                0x08022810                chOQGetI
 .text.chOQWriteTimeout
                0x080228b0       0xe0 build/obj/chqueues.o
                0x080228b0                chOQWriteTimeout
 .text._core_init
                0x08022990       0x40 build/obj/chmemcore.o
                0x08022990                _core_init
 .text.chCoreAlloc
                0x080229d0       0x30 build/obj/chmemcore.o
                0x080229d0                chCoreAlloc
 .text.chCoreAllocI
                0x08022a00       0x70 build/obj/chmemcore.o
                0x08022a00                chCoreAllocI
 .text._heap_init
                0x08022a70       0x40 build/obj/chheap.o
                0x08022a70                _heap_init
 .text.chHeapAlloc
                0x08022ab0      0x100 build/obj/chheap.o
                0x08022ab0                chHeapAlloc
 .text.chHeapFree
                0x08022bb0      0x110 build/obj/chheap.o
                0x08022bb0                chHeapFree
 .text.chPoolFreeI
                0x08022cc0       0x40 build/obj/chmempools.o
                0x08022cc0                chPoolFreeI
 .text.chPoolFree
                0x08022d00       0x30 build/obj/chmempools.o
                0x08022d00                chPoolFree
 .text.halInit  0x08022d30       0x40 build/obj/hal.o
                0x08022d30                halInit
 .text.adcInit  0x08022d70       0x10 build/obj/adc.o
                0x08022d70                adcInit
 .text.adcObjectInit
                0x08022d80       0x50 build/obj/adc.o
                0x08022d80                adcObjectInit
 .text.extInit  0x08022dd0       0x10 build/obj/ext.o
                0x08022dd0                extInit
 .text.extObjectInit
                0x08022de0       0x20 build/obj/ext.o
                0x08022de0                extObjectInit
 .text.extStart
                0x08022e00       0x70 build/obj/ext.o
                0x08022e00                extStart
 .text.gptInit  0x08022e70       0x10 build/obj/gpt.o
                0x08022e70                gptInit
 .text.gptObjectInit
                0x08022e80       0x20 build/obj/gpt.o
                0x08022e80                gptObjectInit
 .text.gptStart
                0x08022ea0       0x70 build/obj/gpt.o
                0x08022ea0                gptStart
 .text.gptStop  0x08022f10       0x60 build/obj/gpt.o
                0x08022f10                gptStop
 .text.gptStartContinuous
                0x08022f70       0x30 build/obj/gpt.o
                0x08022f70                gptStartContinuous
 .text.gptStartContinuousI
                0x08022fa0       0x50 build/obj/gpt.o
                0x08022fa0                gptStartContinuousI
 .text.gptStopTimer
                0x08022ff0       0x30 build/obj/gpt.o
                0x08022ff0                gptStopTimer
 .text.gptStopTimerI
                0x08023020       0x60 build/obj/gpt.o
                0x08023020                gptStopTimerI
 .text.icuInit  0x08023080       0x10 build/obj/icu.o
                0x08023080                icuInit
 .text.icuObjectInit
                0x08023090       0x20 build/obj/icu.o
                0x08023090                icuObjectInit
 .text.mmcsd_get_slice
                0x080230b0       0xb0 build/obj/mmcsd.o
 .text.mmcsdGetCapacity
                0x08023160       0x90 build/obj/mmcsd.o
                0x08023160                mmcsdGetCapacity
 .text.rtcInit  0x080231f0       0x10 build/obj/rtc.o
                0x080231f0                rtcInit
 .text._sdc_wait_for_transfer_state
                0x08023200       0x70 build/obj/sdc.o
                0x08023200                _sdc_wait_for_transfer_state
 .text.sdcInit  0x08023270       0x10 build/obj/sdc.o
                0x08023270                sdcInit
 .text.sdcObjectInit
                0x08023280       0x40 build/obj/sdc.o
                0x08023280                sdcObjectInit
 .text.sdcConnect
                0x080232c0      0x2b0 build/obj/sdc.o
                0x080232c0                sdcConnect
 .text.sdcDisconnect
                0x08023570       0xb0 build/obj/sdc.o
                0x08023570                sdcDisconnect
 .text.sdcRead  0x08023620       0x90 build/obj/sdc.o
                0x08023620                sdcRead
 .text.sdcWrite
                0x080236b0       0x90 build/obj/sdc.o
                0x080236b0                sdcWrite
 .text.sdcSync  0x08023740       0x50 build/obj/sdc.o
                0x08023740                sdcSync
 .text.sdcGetInfo
                0x08023790       0x50 build/obj/sdc.o
                0x08023790                sdcGetInfo
 .text.write    0x080237e0       0x30 build/obj/serial.o
 .text.read     0x08023810       0x30 build/obj/serial.o
 .text.put      0x08023840       0x30 build/obj/serial.o
 .text.get      0x08023870       0x20 build/obj/serial.o
 .text.putt     0x08023890       0x30 build/obj/serial.o
 .text.gett     0x080238c0       0x20 build/obj/serial.o
 .text.writet   0x080238e0       0x30 build/obj/serial.o
 .text.readt    0x08023910       0x30 build/obj/serial.o
 .text.sdInit   0x08023940       0x10 build/obj/serial.o
                0x08023940                sdInit
 .text.sdObjectInit
                0x08023950       0x70 build/obj/serial.o
                0x08023950                sdObjectInit
 .text.sdStart  0x080239c0       0x70 build/obj/serial.o
                0x080239c0                sdStart
 .text.sdIncomingDataI
                0x08023a30       0x70 build/obj/serial.o
                0x08023a30                sdIncomingDataI
 .text.spiInit  0x08023aa0       0x10 build/obj/spi.o
                0x08023aa0                spiInit
 .text.spiObjectInit
                0x08023ab0       0x30 build/obj/spi.o
                0x08023ab0                spiObjectInit
 .text.spiStart
                0x08023ae0       0x70 build/obj/spi.o
                0x08023ae0                spiStart
 .text.spiSelect
                0x08023b50       0x50 build/obj/spi.o
                0x08023b50                spiSelect
 .text.spiUnselect
                0x08023ba0       0x50 build/obj/spi.o
                0x08023ba0                spiUnselect
 .text.Vector6C
                0x08023bf0       0x60 build/obj/stm32_dma.o
                0x08023bf0                Vector6C
 .text.Vector70
                0x08023c50       0x60 build/obj/stm32_dma.o
                0x08023c50                Vector70
 .text.Vector74
                0x08023cb0       0x60 build/obj/stm32_dma.o
                0x08023cb0                Vector74
 .text.Vector78
                0x08023d10       0x60 build/obj/stm32_dma.o
                0x08023d10                Vector78
 .text.Vector7C
                0x08023d70       0x60 build/obj/stm32_dma.o
                0x08023d70                Vector7C
 .text.Vector80
                0x08023dd0       0x60 build/obj/stm32_dma.o
                0x08023dd0                Vector80
 .text.Vector84
                0x08023e30       0x60 build/obj/stm32_dma.o
                0x08023e30                Vector84
 .text.VectorFC
                0x08023e90       0x60 build/obj/stm32_dma.o
                0x08023e90                VectorFC
 .text.Vector120
                0x08023ef0       0x60 build/obj/stm32_dma.o
                0x08023ef0                Vector120
 .text.Vector124
                0x08023f50       0x60 build/obj/stm32_dma.o
                0x08023f50                Vector124
 .text.Vector128
                0x08023fb0       0x60 build/obj/stm32_dma.o
                0x08023fb0                Vector128
 .text.Vector12C
                0x08024010       0x60 build/obj/stm32_dma.o
                0x08024010                Vector12C
 .text.Vector130
                0x08024070       0x60 build/obj/stm32_dma.o
                0x08024070                Vector130
 .text.Vector150
                0x080240d0       0x60 build/obj/stm32_dma.o
                0x080240d0                Vector150
 .text.Vector154
                0x08024130       0x60 build/obj/stm32_dma.o
                0x08024130                Vector154
 .text.Vector158
                0x08024190       0x60 build/obj/stm32_dma.o
                0x08024190                Vector158
 .text.dmaInit  0x080241f0       0xa0 build/obj/stm32_dma.o
                0x080241f0                dmaInit
 .text.dmaStreamAllocate
                0x08024290      0x150 build/obj/stm32_dma.o
                0x08024290                dmaStreamAllocate
 .text.hal_lld_backup_domain_init
                0x080243e0       0xd0 build/obj/hal_lld.o
 .text.hal_lld_init
                0x080244b0      0x120 build/obj/hal_lld.o
                0x080244b0                hal_lld_init
 .text.stm32_clock_init
                0x080245d0      0x180 build/obj/hal_lld.o
                0x080245d0                stm32_clock_init
 .text.Vector88
                0x08024750      0x320 build/obj/adc_lld.o
                0x08024750                Vector88
 .text.adc_lld_init
                0x08024a70       0xd0 build/obj/adc_lld.o
                0x08024a70                adc_lld_init
 .text.adc_lld_stop_conversion
                0x08024b40       0x60 build/obj/adc_lld.o
                0x08024b40                adc_lld_stop_conversion
 .text.Vector58
                0x08024ba0       0x40 build/obj/ext_lld_isr.o
                0x08024ba0                Vector58
 .text.Vector5C
                0x08024be0       0x40 build/obj/ext_lld_isr.o
                0x08024be0                Vector5C
 .text.Vector60
                0x08024c20       0x40 build/obj/ext_lld_isr.o
                0x08024c20                Vector60
 .text.Vector64
                0x08024c60       0x40 build/obj/ext_lld_isr.o
                0x08024c60                Vector64
 .text.Vector68
                0x08024ca0       0x40 build/obj/ext_lld_isr.o
                0x08024ca0                Vector68
 .text.Vector9C
                0x08024ce0       0xf0 build/obj/ext_lld_isr.o
                0x08024ce0                Vector9C
 .text.VectorE0
                0x08024dd0      0x110 build/obj/ext_lld_isr.o
                0x08024dd0                VectorE0
 .text.Vector44
                0x08024ee0       0x40 build/obj/ext_lld_isr.o
                0x08024ee0                Vector44
 .text.VectorE4
                0x08024f20       0x40 build/obj/ext_lld_isr.o
                0x08024f20                VectorE4
 .text.VectorE8
                0x08024f60       0x40 build/obj/ext_lld_isr.o
                0x08024f60                VectorE8
 .text.Vector138
                0x08024fa0       0x40 build/obj/ext_lld_isr.o
                0x08024fa0                Vector138
 .text.Vector170
                0x08024fe0       0x40 build/obj/ext_lld_isr.o
                0x08024fe0                Vector170
 .text.Vector4C
                0x08025020       0x40 build/obj/ext_lld_isr.o
                0x08025020                Vector4C
 .text.ext_lld_exti_irq_enable
                0x08025060       0xb0 build/obj/ext_lld_isr.o
                0x08025060                ext_lld_exti_irq_enable
 .text.ext_lld_init
                0x08025110       0x10 build/obj/ext_lld.o
                0x08025110                ext_lld_init
 .text.ext_lld_start
                0x08025120       0x50 build/obj/ext_lld.o
                0x08025120                ext_lld_start
 .text.ext_lld_channel_enable
                0x08025170      0x1d0 build/obj/ext_lld.o
                0x08025170                ext_lld_channel_enable
 .text.ext_lld_channel_disable
                0x08025340       0xb0 build/obj/ext_lld.o
                0x08025340                ext_lld_channel_disable
 .text.sdc_lld_prepare_read
                0x080253f0       0x90 build/obj/sdc_lld.o
 .text.sdc_lld_prepare_write
                0x08025480       0x90 build/obj/sdc_lld.o
 .text.sdc_lld_wait_transaction_end
                0x08025510      0x100 build/obj/sdc_lld.o
 .text.sdc_lld_collect_errors
                0x08025610       0xa0 build/obj/sdc_lld.o
 .text.sdc_lld_error_cleanup
                0x080256b0       0xc0 build/obj/sdc_lld.o
 .text.Vector104
                0x08025770       0x70 build/obj/sdc_lld.o
                0x08025770                Vector104
 .text.sdc_lld_init
                0x080257e0       0x40 build/obj/sdc_lld.o
                0x080257e0                sdc_lld_init
 .text.sdc_lld_start_clk
                0x08025820       0x50 build/obj/sdc_lld.o
                0x08025820                sdc_lld_start_clk
 .text.sdc_lld_set_data_clk
                0x08025870       0x20 build/obj/sdc_lld.o
                0x08025870                sdc_lld_set_data_clk
 .text.sdc_lld_stop_clk
                0x08025890       0x30 build/obj/sdc_lld.o
                0x08025890                sdc_lld_stop_clk
 .text.sdc_lld_set_bus_mode
                0x080258c0       0x60 build/obj/sdc_lld.o
                0x080258c0                sdc_lld_set_bus_mode
 .text.sdc_lld_send_cmd_none
                0x08025920       0x50 build/obj/sdc_lld.o
                0x08025920                sdc_lld_send_cmd_none
 .text.sdc_lld_send_cmd_short
                0x08025970       0x90 build/obj/sdc_lld.o
                0x08025970                sdc_lld_send_cmd_short
 .text.sdc_lld_send_cmd_short_crc
                0x08025a00       0x90 build/obj/sdc_lld.o
                0x08025a00                sdc_lld_send_cmd_short_crc
 .text.sdc_lld_send_cmd_long_crc
                0x08025a90       0xd0 build/obj/sdc_lld.o
                0x08025a90                sdc_lld_send_cmd_long_crc
 .text.sdc_lld_read_aligned
                0x08025b60      0x110 build/obj/sdc_lld.o
                0x08025b60                sdc_lld_read_aligned
 .text.sdc_lld_write_aligned
                0x08025c70      0x110 build/obj/sdc_lld.o
                0x08025c70                sdc_lld_write_aligned
 .text.sdc_lld_read
                0x08025d80       0xa0 build/obj/sdc_lld.o
                0x08025d80                sdc_lld_read
 .text.sdc_lld_write
                0x08025e20       0xa0 build/obj/sdc_lld.o
                0x08025e20                sdc_lld_write
 .text.sdc_lld_sync
                0x08025ec0       0x10 build/obj/sdc_lld.o
                0x08025ec0                sdc_lld_sync
 .text.initgpio
                0x08025ed0       0x50 build/obj/pal_lld.o
 .text._pal_lld_init
                0x08025f20      0x100 build/obj/pal_lld.o
                0x08025f20                _pal_lld_init
 .text.rtc_lld_init
                0x08026020       0xe0 build/obj/rtc_lld.o
                0x08026020                rtc_lld_init
 .text.spi_lld_serve_rx_interrupt
                0x08026100      0x100 build/obj/spi_lld.o
 .text.spi_lld_serve_tx_interrupt
                0x08026200       0x20 build/obj/spi_lld.o
 .text.spi_lld_init
                0x08026220       0xe0 build/obj/spi_lld.o
                0x08026220                spi_lld_init
 .text.spi_lld_start
                0x08026300      0x1d0 build/obj/spi_lld.o
                0x08026300                spi_lld_start
 .text.spi_lld_select
                0x080264d0       0x20 build/obj/spi_lld.o
                0x080264d0                spi_lld_select
 .text.spi_lld_unselect
                0x080264f0       0x20 build/obj/spi_lld.o
                0x080264f0                spi_lld_unselect
 .text.spi_lld_polled_exchange
                0x08026510       0x40 build/obj/spi_lld.o
                0x08026510                spi_lld_polled_exchange
 .text.gpt_lld_serve_interrupt
                0x08026550       0x40 build/obj/gpt_lld.o
 .text.VectorB0
                0x08026590       0x20 build/obj/gpt_lld.o
                0x08026590                VectorB0
 .text.VectorF4
                0x080265b0       0x20 build/obj/gpt_lld.o
                0x080265b0                VectorF4
 .text.gpt_lld_init
                0x080265d0       0x40 build/obj/gpt_lld.o
                0x080265d0                gpt_lld_init
 .text.gpt_lld_start
                0x08026610      0x150 build/obj/gpt_lld.o
                0x08026610                gpt_lld_start
 .text.gpt_lld_stop
                0x08026760       0x90 build/obj/gpt_lld.o
                0x08026760                gpt_lld_stop
 .text.gpt_lld_start_timer
                0x080267f0       0x50 build/obj/gpt_lld.o
                0x080267f0                gpt_lld_start_timer
 .text.gpt_lld_stop_timer
                0x08026840       0x30 build/obj/gpt_lld.o
                0x08026840                gpt_lld_stop_timer
 .text.icu_lld_serve_interrupt
                0x08026870      0x100 build/obj/icu_lld.o
 .text.VectorA4
                0x08026970       0x20 build/obj/icu_lld.o
                0x08026970                VectorA4
 .text.VectorAC
                0x08026990       0x20 build/obj/icu_lld.o
                0x08026990                VectorAC
 .text.icu_lld_init
                0x080269b0       0x30 build/obj/icu_lld.o
                0x080269b0                icu_lld_init
 .text.usart_init
                0x080269e0       0xb0 build/obj/serial_lld.o
 .text.set_error
                0x08026a90       0x90 build/obj/serial_lld.o
 .text.serve_interrupt
                0x08026b20      0x180 build/obj/serial_lld.o
 .text.notify1  0x08026ca0       0x30 build/obj/serial_lld.o
 .text.notify2  0x08026cd0       0x30 build/obj/serial_lld.o
 .text.notify6  0x08026d00       0x30 build/obj/serial_lld.o
 .text.VectorD4
                0x08026d30       0x20 build/obj/serial_lld.o
                0x08026d30                VectorD4
 .text.VectorD8
                0x08026d50       0x20 build/obj/serial_lld.o
                0x08026d50                VectorD8
 .text.Vector15C
                0x08026d70       0x20 build/obj/serial_lld.o
                0x08026d70                Vector15C
 .text.sd_lld_init
                0x08026d90       0x90 build/obj/serial_lld.o
                0x08026d90                sd_lld_init
 .text.sd_lld_start
                0x08026e20       0xd0 build/obj/serial_lld.o
                0x08026e20                sd_lld_start
 .text.__early_init
                0x08026ef0       0x10 build/obj/board.o
                0x08026ef0                __early_init
 .text.sdc_lld_is_card_inserted
                0x08026f00       0x30 build/obj/board.o
                0x08026f00                sdc_lld_is_card_inserted
 .text.sdc_lld_is_write_protected
                0x08026f30       0x30 build/obj/board.o
                0x08026f30                sdc_lld_is_write_protected
 .text.boardInit
                0x08026f60       0x10 build/obj/board.o
                0x08026f60                boardInit
 .text.long_to_string_with_divisor
                0x08026f70       0xc0 build/obj/chprintf.o
 .text.ltoa     0x08027030       0x20 build/obj/chprintf.o
 .text.ftoa     0x08027050       0xb0 build/obj/chprintf.o
 .text.chprintf
                0x08027100      0x520 build/obj/chprintf.o
                0x08027100                chprintf
 .text.writes   0x08027620       0x60 build/obj/memstreams.o
 .text.reads    0x08027680       0x60 build/obj/memstreams.o
 .text.put      0x080276e0       0x50 build/obj/memstreams.o
 .text.get      0x08027730       0x40 build/obj/memstreams.o
 .text.msObjectInit
                0x08027770       0x40 build/obj/memstreams.o
                0x08027770                msObjectInit
 .text._strtok  0x080277b0       0x80 build/obj/shell.o
 .text.usage    0x08027830       0x20 build/obj/shell.o
 .text.list_commands
                0x08027850       0x40 build/obj/shell.o
 .text.cmd_info
                0x08027890       0xf0 build/obj/shell.o
 .text.cmd_systime
                0x08027980       0x40 build/obj/shell.o
 .text.cmdexec  0x080279c0       0x50 build/obj/shell.o
 .text.shell_thread
                0x08027a10      0x220 build/obj/shell.o
 .text.shellCreate
                0x08027c30       0x30 build/obj/shell.o
                0x08027c30                shellCreate
 .text.shellGetLine
                0x08027c60      0x110 build/obj/shell.o
                0x08027c60                shellGetLine
 .text.kuroBoxButtonsInit
                0x08027d70       0x50 build/obj/kb_buttons.o
                0x08027d70                kuroBoxButtonsInit
 .text.btn_0_exti_cb
                0x08027dc0       0x30 build/obj/kb_buttons.o
                0x08027dc0                btn_0_exti_cb
 .text.btn_1_exti_cb
                0x08027df0       0x90 build/obj/kb_buttons.o
                0x08027df0                btn_1_exti_cb
 .text.is_btn_1_pressed
                0x08027e80       0x30 build/obj/kb_buttons.o
                0x08027e80                is_btn_1_pressed
 .text.hard_fault_handler_c
                0x08027eb0      0x170 build/obj/kb_debug.o
                0x08027eb0                hard_fault_handler_c
 .text.calc_checksum_16
                0x08028020       0x80 build/obj/kb_util.o
                0x08028020                calc_checksum_16
 .text.gps_timepulse
                0x080280a0       0x80 build/obj/main.o
 .text.one_sec_cb
                0x08028120       0x90 build/obj/main.o
 .text.kuroBoxInit
                0x080281b0      0x140 build/obj/main.o
                0x080281b0                kuroBoxInit
 .text.cmd_print
                0x080282f0      0x130 build/obj/main.o
 .text.cmd_read
                0x08028420       0xa0 build/obj/main.o
 .text.cmd_write
                0x080284c0       0x80 build/obj/main.o
 .text.cmd_wipe
                0x08028540       0x30 build/obj/main.o
 .text.cmd_wipe_eeprom
                0x08028570       0x50 build/obj/main.o
 .text.cmd_serialnum
                0x080285c0       0x60 build/obj/main.o
 .text.cmd_rtc  0x08028620       0x20 build/obj/main.o
 .text.cmd_vin  0x08028640       0x20 build/obj/main.o
 .text.cmd_hardwarerev
                0x08028660       0x70 build/obj/main.o
 .text.cmd_user_string
                0x080286d0       0x80 build/obj/main.o
 .text.cmd_tcxo
                0x08028750      0x640 build/obj/main.o
 .text.cmd_tcxo_test
                0x08028d90      0x3d0 build/obj/main.o
 .text.main     0x08029160       0xc0 build/obj/main.o
                0x08029160                main
 .text.spiEepromStart
                0x08029220       0x20 build/obj/spiEEPROM.o
                0x08029220                spiEepromStart
 .text.spiEepromReadBytes
                0x08029240       0xc0 build/obj/spiEEPROM.o
                0x08029240                spiEepromReadBytes
 .text.spiEepromWriteBytes
                0x08029300      0x120 build/obj/spiEEPROM.o
                0x08029300                spiEepromWriteBytes
 .text.spiEepromEnableWrite
                0x08029420       0x40 build/obj/spiEEPROM.o
                0x08029420                spiEepromEnableWrite
 .text.spiEepromDisableWrite
                0x08029460       0x40 build/obj/spiEEPROM.o
                0x08029460                spiEepromDisableWrite
 .text.spiEepromReadSR
                0x080294a0       0x60 build/obj/spiEEPROM.o
                0x080294a0                spiEepromReadSR
 .text.updateBoundingBox
                0x08029500       0xa0 build/obj/ST7565.o
 .text.st7565Start
                0x080295a0      0x180 build/obj/ST7565.o
                0x080295a0                st7565Start
 .text.st7565_display
                0x08029720      0x1d0 build/obj/ST7565.o
                0x08029720                st7565_display
 .text.st7565_clear
                0x080298f0       0x30 build/obj/ST7565.o
                0x080298f0                st7565_clear
 .text.st7565_drawchar
                0x08029920       0xb0 build/obj/ST7565.o
                0x08029920                st7565_drawchar
 .text.st7565_drawstring
                0x080299d0       0xc0 build/obj/ST7565.o
                0x080299d0                st7565_drawstring
 .text.sqrt     0x08029a90       0xa8 c:/chibistudio/tools/gnu tools arm embedded/4.7 2013q1/bin/../lib/gcc/arm-none-eabi/4.7.3/../../../../arm-none-eabi/lib/armv7e-m\libm.a(lib_a-w_sqrt.o)
                0x08029a90                sqrt
 *fill*         0x08029b38        0x8 00
 .text.__ieee754_sqrt
                0x08029b40      0x208 c:/chibistudio/tools/gnu tools arm embedded/4.7 2013q1/bin/../lib/gcc/arm-none-eabi/4.7.3/../../../../arm-none-eabi/lib/armv7e-m\libm.a(lib_a-e_sqrt.o)
                0x08029b40                __ieee754_sqrt
 *fill*         0x08029d48        0x8 00
 .text.__fpclassifyd
                0x08029d50       0x68 c:/chibistudio/tools/gnu tools arm embedded/4.7 2013q1/bin/../lib/gcc/arm-none-eabi/4.7.3/../../../../arm-none-eabi/lib/armv7e-m\libm.a(lib_a-s_fpclassify.o)
                0x08029d50                __fpclassifyd
 *fill*         0x08029db8        0x8 00
 .text.matherr  0x08029dc0        0x4 c:/chibistudio/tools/gnu tools arm embedded/4.7 2013q1/bin/../lib/gcc/arm-none-eabi/4.7.3/../../../../arm-none-eabi/lib/armv7e-m\libm.a(lib_a-s_matherr.o)
                0x08029dc0                matherr
 *fill*         0x08029dc4        0xc 00
 .text.atoi     0x08029dd0        0x8 c:/chibistudio/tools/gnu tools arm embedded/4.7 2013q1/bin/../lib/gcc/arm-none-eabi/4.7.3/../../../../arm-none-eabi/lib/armv7e-m\libc.a(lib_a-atoi.o)
                0x08029dd0                atoi
 *fill*         0x08029dd8        0x8 00
 .text.__errno  0x08029de0        0xc c:/chibistudio/tools/gnu tools arm embedded/4.7 2013q1/bin/../lib/gcc/arm-none-eabi/4.7.3/../../../../arm-none-eabi/lib/armv7e-m\libc.a(lib_a-errno.o)
                0x08029de0                __errno
 *fill*         0x08029dec        0x4 00
 .text.memcpy   0x08029df0      0x144 c:/chibistudio/tools/gnu tools arm embedded/4.7 2013q1/bin/../lib/gcc/arm-none-eabi/4.7.3/../../../../arm-none-eabi/lib/armv7e-m\libc.a(lib_a-memcpy.o)
                0x08029df0                memcpy
 *fill*         0x08029f34        0xc 00
 .text.memset   0x08029f40      0x12c c:/chibistudio/tools/gnu tools arm embedded/4.7 2013q1/bin/../lib/gcc/arm-none-eabi/4.7.3/../../../../arm-none-eabi/lib/armv7e-m\libc.a(lib_a-memset.o)
                0x08029f40                memset
 *fill*         0x0802a06c        0x4 00
 .text.strcasecmp
                0x0802a070       0x44 c:/chibistudio/tools/gnu tools arm embedded/4.7 2013q1/bin/../lib/gcc/arm-none-eabi/4.7.3/../../../../arm-none-eabi/lib/armv7e-m\libc.a(lib_a-strcasecmp.o)
                0x0802a070                strcasecmp
 *fill*         0x0802a0b4        0xc 00
 .text.strlen   0x0802a0c0       0x60 c:/chibistudio/tools/gnu tools arm embedded/4.7 2013q1/bin/../lib/gcc/arm-none-eabi/4.7.3/../../../../arm-none-eabi/lib/armv7e-m\libc.a(lib_a-strlen.o)
                0x0802a0c0                strlen
 .text.strncpy  0x0802a120      0x110 c:/chibistudio/tools/gnu tools arm embedded/4.7 2013q1/bin/../lib/gcc/arm-none-eabi/4.7.3/../../../../arm-none-eabi/lib/armv7e-m\libc.a(lib_a-strncpy.o)
                0x0802a120                strncpy
 .text.strpbrk  0x0802a230       0x4c c:/chibistudio/tools/gnu tools arm embedded/4.7 2013q1/bin/../lib/gcc/arm-none-eabi/4.7.3/../../../../arm-none-eabi/lib/armv7e-m\libc.a(lib_a-strpbrk.o)
                0x0802a230                strpbrk
 *fill*         0x0802a27c        0x4 00
 .text.strspn   0x0802a280       0x40 c:/chibistudio/tools/gnu tools arm embedded/4.7 2013q1/bin/../lib/gcc/arm-none-eabi/4.7.3/../../../../arm-none-eabi/lib/armv7e-m\libc.a(lib_a-strspn.o)
                0x0802a280                strspn
 .text._strtol_r
                0x0802a2c0      0x134 c:/chibistudio/tools/gnu tools arm embedded/4.7 2013q1/bin/../lib/gcc/arm-none-eabi/4.7.3/../../../../arm-none-eabi/lib/armv7e-m\libc.a(lib_a-strtol.o)
                0x0802a2c0                _strtol_r
 *fill*         0x0802a3f4        0xc 00
 .text.strtol   0x0802a400       0x1c c:/chibistudio/tools/gnu tools arm embedded/4.7 2013q1/bin/../lib/gcc/arm-none-eabi/4.7.3/../../../../arm-none-eabi/lib/armv7e-m\libc.a(lib_a-strtol.o)
                0x0802a400                strtol
 *(.rodata)
 *fill*         0x0802a41c        0x4 00
 .rodata        0x0802a420        0x8 build/obj/chsys.o
 *fill*         0x0802a428        0x8 00
 .rodata        0x0802a430       0x58 build/obj/chdebug.o
 *fill*         0x0802a488        0x8 00
 .rodata        0x0802a490       0x34 build/obj/chvt.o
 *fill*         0x0802a4c4        0xc 00
 .rodata        0x0802a4d0       0x24 build/obj/chschd.o
 *fill*         0x0802a4f4        0xc 00
 .rodata        0x0802a500       0x94 build/obj/chthreads.o
 *fill*         0x0802a594        0xc 00
 .rodata        0x0802a5a0       0x48 build/obj/chdynamic.o
 *fill*         0x0802a5e8        0x8 00
 .rodata        0x0802a5f0       0xac build/obj/chmtx.o
 *fill*         0x0802a69c        0x4 00
 .rodata        0x0802a6a0       0x90 build/obj/chevents.o
 .rodata        0x0802a730       0x2c build/obj/chqueues.o
 *fill*         0x0802a75c        0x4 00
 .rodata        0x0802a760       0x34 build/obj/chheap.o
 *fill*         0x0802a794        0xc 00
 .rodata        0x0802a7a0       0x48 build/obj/chmempools.o
 *fill*         0x0802a7e8        0x8 00
 .rodata        0x0802a7f0       0xd0 build/obj/ext.o
 .rodata        0x0802a8c0      0x10c build/obj/gpt.o
 *fill*         0x0802a9cc        0x4 00
 .rodata        0x0802a9d0       0x14 build/obj/mmcsd.o
 *fill*         0x0802a9e4        0xc 00
 .rodata        0x0802a9f0      0x138 build/obj/sdc.o
 *fill*         0x0802ab28        0x8 00
 .rodata        0x0802ab30       0x60 build/obj/serial.o
 .rodata        0x0802ab90      0x238 build/obj/spi.o
 *fill*         0x0802adc8        0x8 00
 .rodata        0x0802add0       0x48 build/obj/stm32_dma.o
 *fill*         0x0802ae18        0x8 00
 .rodata        0x0802ae20       0x80 build/obj/sdc_lld.o
 .rodata        0x0802aea0       0x50 build/obj/spi_lld.o
 .rodata        0x0802aef0       0x14 build/obj/gpt_lld.o
 *fill*         0x0802af04        0xc 00
 .rodata        0x0802af10        0x8 build/obj/chprintf.o
 *fill*         0x0802af18        0x8 00
 .rodata        0x0802af20      0x23c build/obj/shell.o
 *fill*         0x0802b15c        0x4 00
 .rodata        0x0802b160      0x114 build/obj/kb_debug.o
 *fill*         0x0802b274        0xc 00
 .rodata        0x0802b280      0x510 build/obj/main.o
 *(.rodata.*)
 .rodata.ch_debug
                0x0802b790       0x18 build/obj/chregistry.o
                0x0802b790                ch_debug
 *fill*         0x0802b7a8        0x8 00
 .rodata.sdc_vmt
                0x0802b7b0       0x20 build/obj/sdc.o
 .rodata.vmt    0x0802b7d0       0x20 build/obj/serial.o
 .rodata._stm32_dma_streams
                0x0802b7f0       0xc0 build/obj/stm32_dma.o
                0x0802b7f0                _stm32_dma_streams
 .rodata.default_config
                0x0802b8b0        0xc build/obj/serial_lld.o
 *fill*         0x0802b8bc        0x4 00
 .rodata.pal_default_config
                0x0802b8c0       0xfc build/obj/board.o
                0x0802b8c0                pal_default_config
 *fill*         0x0802b9bc        0x4 00
 .rodata.vmt    0x0802b9c0       0x10 build/obj/memstreams.o
 .rodata.ST7565font
                0x0802b9d0      0x4fc build/obj/glcdfont.o
                0x0802b9d0                ST7565font
 *fill*         0x0802becc        0x4 00
 .rodata.eeprom_cfg
                0x0802bed0        0xc build/obj/main.o
 *fill*         0x0802bedc        0x4 00
 .rodata.lcd_cfg
                0x0802bee0       0x1c build/obj/main.o
 *fill*         0x0802befc        0x4 00
 .rodata.extcfg
                0x0802bf00       0xb8 build/obj/main.o
 *fill*         0x0802bfb8        0x8 00
 .rodata.one_sec_cfg
                0x0802bfc0        0xc build/obj/main.o
 *fill*         0x0802bfcc        0x4 00
 .rodata.commands
                0x0802bfd0       0x68 build/obj/main.o
 *fill*         0x0802c038        0x8 00
 .rodata.shell_cfg
                0x0802c040        0x8 build/obj/main.o
 *fill*         0x0802c048        0x8 00
 .rodata.pagemap
                0x0802c050        0x4 build/obj/ST7565.o
 *fill*         0x0802c054        0xc 00
 .rodata.st7565_nanibox
                0x0802c060      0x200 build/obj/ST7565.o
 .rodata.str1.4
                0x0802c260        0x5 c:/chibistudio/tools/gnu tools arm embedded/4.7 2013q1/bin/../lib/gcc/arm-none-eabi/4.7.3/../../../../arm-none-eabi/lib/armv7e-m\libm.a(lib_a-w_sqrt.o)
                                  0x8 (size before relaxing)
 *fill*         0x0802c265        0xb 00
 .rodata.str1.4
                0x0802c270        0x4 c:/chibistudio/tools/gnu tools arm embedded/4.7 2013q1/bin/../lib/gcc/arm-none-eabi/4.7.3/../../../../arm-none-eabi/lib/armv7e-m\libc.a(lib_a-impure.o)
 *fill*         0x0802c274        0xc 00
 .rodata._ctype_
                0x0802c280      0x104 c:/chibistudio/tools/gnu tools arm embedded/4.7 2013q1/bin/../lib/gcc/arm-none-eabi/4.7.3/../../../../arm-none-eabi/lib/armv7e-m\libc.a(lib_a-ctype_.o)
                0x0802c280                _ctype_
 *(.glue_7t)
 .glue_7t       0x00000000        0x0 linker stubs
 *(.glue_7)
 .glue_7        0x00000000        0x0 linker stubs
 *(.gcc*)

.vfp11_veneer   0x0802c384        0x0
 .vfp11_veneer  0x00000000        0x0 linker stubs

.v4_bx          0x0802c384        0x0
 .v4_bx         0x00000000        0x0 linker stubs

.iplt           0x0802c384        0x0
 .iplt          0x00000000        0x0 build/obj/kb_debug_asm.o

.rel.dyn        0x0802c384        0x0
 .rel.iplt      0x00000000        0x0 build/obj/kb_debug_asm.o

.ARM.extab
 *(.ARM.extab* .gnu.linkonce.armextab.*)

.ARM.exidx      0x0802c384        0x0
                0x0802c384                PROVIDE (__exidx_start, .)
 *(.ARM.exidx* .gnu.linkonce.armexidx.*)
                0x0802c384                PROVIDE (__exidx_end, .)

.eh_frame_hdr
 *(.eh_frame_hdr)

.eh_frame
 *(.eh_frame)

.textalign      0x0802c384        0x4
                0x0802c388                . = ALIGN (0x8)
 *fill*         0x0802c384        0x4 00
                0x0802c388                _etext = .
                0x0802c388                _textdata = _etext

.stacks         0x20000000      0x800
                0x20000000                . = ALIGN (0x8)
                0x20000000                __main_stack_base__ = .
                0x20000400                . = (. + __main_stack_size__)
 *fill*         0x20000000      0x400 00
                0x20000400                . = ALIGN (0x8)
                0x20000400                __main_stack_end__ = .
                0x20000400                __process_stack_base__ = .
                0x20000400                __main_thread_stack_base__ = .
                0x20000800                . = (. + __process_stack_size__)
 *fill*         0x20000400      0x400 00
                0x20000800                . = ALIGN (0x8)
                0x20000800                __process_stack_end__ = .
                0x20000800                __main_thread_stack_end__ = .

.data           0x20000800      0x468 load address 0x0802c388
                0x20000800                . = ALIGN (0x4)
                0x20000800                PROVIDE (_data, .)
 *(.data)
                0x20000800                . = ALIGN (0x4)
 *(.data.*)
 .data.local_commands
                0x20000800       0x18 build/obj/shell.o
 .data.serial1_cfg
                0x20000818        0xc build/obj/main.o
 .data.serial2_cfg
                0x20000824        0xc build/obj/main.o
 .data.__fdlib_version
                0x20000830        0x1 c:/chibistudio/tools/gnu tools arm embedded/4.7 2013q1/bin/../lib/gcc/arm-none-eabi/4.7.3/../../../../arm-none-eabi/lib/armv7e-m\libm.a(lib_a-s_lib_ver.o)
                0x20000830                __fdlib_version
 *fill*         0x20000831        0x7 00
 .data.impure_data
                0x20000838      0x428 c:/chibistudio/tools/gnu tools arm embedded/4.7 2013q1/bin/../lib/gcc/arm-none-eabi/4.7.3/../../../../arm-none-eabi/lib/armv7e-m\libc.a(lib_a-impure.o)
 .data._impure_ptr
                0x20000c60        0x4 c:/chibistudio/tools/gnu tools arm embedded/4.7 2013q1/bin/../lib/gcc/arm-none-eabi/4.7.3/../../../../arm-none-eabi/lib/armv7e-m\libc.a(lib_a-impure.o)
                0x20000c60                _impure_ptr
 .data.__ctype_ptr__
                0x20000c64        0x4 c:/chibistudio/tools/gnu tools arm embedded/4.7 2013q1/bin/../lib/gcc/arm-none-eabi/4.7.3/../../../../arm-none-eabi/lib/armv7e-m\libc.a(lib_a-ctype_.o)
                0x20000c64                __ctype_ptr__
                0x20000c68                . = ALIGN (0x4)
 *(.ramtext)
                0x20000c68                . = ALIGN (0x4)
                0x20000c68                PROVIDE (_edata, .)

.igot.plt       0x20000c68        0x0 load address 0x0802c7f0
 .igot.plt      0x00000000        0x0 build/obj/kb_debug_asm.o

.bss            0x20000c68    0x16180 load address 0x0802c7f0
                0x20000c68                . = ALIGN (0x4)
                0x20000c68                PROVIDE (_bss_start, .)
 *(.bss)
                0x20000c68                . = ALIGN (0x4)
 *(.bss.*)
 .bss._idle_thread_wa
                0x20000c68      0x158 build/obj/chsys.o
                0x20000c68                _idle_thread_wa
 .bss.mainthread.4858
                0x20000dc0       0x4c build/obj/chsys.o
 .bss.dbg_isr_cnt
                0x20000e0c        0x4 build/obj/chdebug.o
                0x20000e0c                dbg_isr_cnt
 .bss.dbg_lock_cnt
                0x20000e10        0x4 build/obj/chdebug.o
                0x20000e10                dbg_lock_cnt
 .bss.dbg_trace_buffer
                0x20000e14      0x408 build/obj/chdebug.o
                0x20000e14                dbg_trace_buffer
 .bss.dbg_panic_msg
                0x2000121c        0x4 build/obj/chdebug.o
                0x2000121c                dbg_panic_msg
 .bss.vtlist    0x20001220       0x10 build/obj/chvt.o
                0x20001220                vtlist
 .bss.rlist     0x20001230       0x1c build/obj/chschd.o
                0x20001230                rlist
 .bss.nextmem   0x2000124c        0x4 build/obj/chmemcore.o
 .bss.endmem    0x20001250        0x4 build/obj/chmemcore.o
 *fill*         0x20001254        0x4 00
 .bss.default_heap
                0x20001258       0x20 build/obj/chheap.o
 .bss.dma_streams_mask
                0x20001278        0x4 build/obj/stm32_dma.o
 .bss.dma_isr_redir
                0x2000127c       0x80 build/obj/stm32_dma.o
 .bss.ADCD1     0x200012fc       0x34 build/obj/adc_lld.o
                0x200012fc                ADCD1
 .bss.ADCD2     0x20001330       0x34 build/obj/adc_lld.o
                0x20001330                ADCD2
 .bss.ADCD3     0x20001364       0x34 build/obj/adc_lld.o
                0x20001364                ADCD3
 .bss.EXTD1     0x20001398        0x8 build/obj/ext_lld.o
                0x20001398                EXTD1
 .bss.SDCD1     0x200013a0       0x4c build/obj/sdc_lld.o
                0x200013a0                SDCD1
 .bss.u         0x200013ec      0x200 build/obj/sdc_lld.o
 .bss.RTCD1     0x200015ec        0x4 build/obj/rtc_lld.o
                0x200015ec                RTCD1
 .bss.SPID1     0x200015f0       0x30 build/obj/spi_lld.o
                0x200015f0                SPID1
 .bss.SPID2     0x20001620       0x30 build/obj/spi_lld.o
                0x20001620                SPID2
 .bss.dummytx   0x20001650        0x2 build/obj/spi_lld.o
 *fill*         0x20001652        0x2 00
 .bss.GPTD2     0x20001654       0x10 build/obj/gpt_lld.o
                0x20001654                GPTD2
 .bss.GPTD14    0x20001664       0x10 build/obj/gpt_lld.o
                0x20001664                GPTD14
 .bss.ICUD1     0x20001674       0x18 build/obj/icu_lld.o
                0x20001674                ICUD1
 .bss.SD1       0x2000168c       0xd8 build/obj/serial_lld.o
                0x2000168c                SD1
 .bss.SD2       0x20001764       0xd8 build/obj/serial_lld.o
                0x20001764                SD2
 .bss.SD6       0x2000183c       0xd8 build/obj/serial_lld.o
                0x2000183c                SD6
 .bss.shell_terminated
                0x20001914        0x4 build/obj/shell.o
                0x20001914                shell_terminated
 .bss.btn_0_state
                0x20001918        0x1 build/obj/kb_buttons.o
 .bss.btn_1_state
                0x20001919        0x1 build/obj/kb_buttons.o
 *fill*         0x2000191a        0x2 00
 .bss.factory_config
                0x2000191c       0x80 build/obj/main.o
                0x2000191c                factory_config
 .bss.lcd_buffer
                0x2000199c      0x200 build/obj/main.o
 .bss.pps_changed
                0x20001b9c        0x1 build/obj/main.o
                0x20001b9c                pps_changed
 *fill*         0x20001b9d        0x3 00
 .bss.pps_diff  0x20001ba0        0x4 build/obj/main.o
                0x20001ba0                pps_diff
 .bss.pps_time  0x20001ba4        0x4 build/obj/main.o
                0x20001ba4                pps_time
 .bss.pps       0x20001ba8        0x4 build/obj/main.o
                0x20001ba8                pps
 .bss.one_sec_pps_changed
                0x20001bac        0x1 build/obj/main.o
                0x20001bac                one_sec_pps_changed
 *fill*         0x20001bad        0x3 00
 .bss.one_sec_pps_diff_diff
                0x20001bb0        0x4 build/obj/main.o
                0x20001bb0                one_sec_pps_diff_diff
 .bss.one_sec_pps_diff
                0x20001bb4        0x4 build/obj/main.o
                0x20001bb4                one_sec_pps_diff
 .bss.one_sec_pps
                0x20001bb8        0x4 build/obj/main.o
                0x20001bb8                one_sec_pps
 .bss.charbuf   0x20001bbc       0x80 build/obj/main.o
 .bss.msb       0x20001c3c       0x14 build/obj/main.o
 .bss.times     0x20001c50    0x15180 build/obj/main.o
                0x20001c50                times
 .bss.spiEepromD1
                0x20016dd0        0x8 build/obj/spiEEPROM.o
                0x20016dd0                spiEepromD1
 .bss.ST7565D1  0x20016dd8        0xc build/obj/ST7565.o
                0x20016dd8                ST7565D1
 .bss.xUpdateMin
                0x20016de4        0x1 build/obj/ST7565.o
 .bss.xUpdateMax
                0x20016de5        0x1 build/obj/ST7565.o
 .bss.yUpdateMin
                0x20016de6        0x1 build/obj/ST7565.o
 .bss.yUpdateMax
                0x20016de7        0x1 build/obj/ST7565.o
                0x20016de8                . = ALIGN (0x4)
 *(COMMON)
                0x20016de8                . = ALIGN (0x4)
                0x20016de8                PROVIDE (_bss_end, .)
                0x20016de8                PROVIDE (end, .)
                0x20016de8                _end = .
                0x20016de8                __heap_base__ = _end
                0x2001c000                __heap_end__ = __ram_end__
OUTPUT(build/kuroBox_BurnIn_relocated.elf elf32-littlearm)

.ARM.attributes
                0x00000000       0x35
 .ARM.attributes
                0x00000000       0x21 build/obj/kb_debug_asm.o
 .ARM.attributes
                0x00000021       0x39 build/obj/crt0.o
 .ARM.attributes
                0x0000005a       0x39 build/obj/vectors.o
 .ARM.attributes
                0x00000093       0x39 build/obj/chcore.o
 .ARM.attributes
                0x000000cc       0x39 build/obj/chcore_v7m.o
 .ARM.attributes
                0x00000105       0x39 build/obj/nvic.o
 .ARM.attributes
                0x0000013e       0x39 build/obj/chsys.o
 .ARM.attributes
                0x00000177       0x39 build/obj/chdebug.o
 .ARM.attributes
                0x000001b0       0x39 build/obj/chvt.o
 .ARM.attributes
                0x000001e9       0x39 build/obj/chschd.o
 .ARM.attributes
                0x00000222       0x39 build/obj/chthreads.o
 .ARM.attributes
                0x0000025b       0x39 build/obj/chdynamic.o
 .ARM.attributes
                0x00000294       0x39 build/obj/chregistry.o
 .ARM.attributes
                0x000002cd       0x39 build/obj/chmtx.o
 .ARM.attributes
                0x00000306       0x39 build/obj/chevents.o
 .ARM.attributes
                0x0000033f       0x39 build/obj/chqueues.o
 .ARM.attributes
                0x00000378       0x39 build/obj/chmemcore.o
 .ARM.attributes
                0x000003b1       0x39 build/obj/chheap.o
 .ARM.attributes
                0x000003ea       0x39 build/obj/chmempools.o
 .ARM.attributes
                0x00000423       0x39 build/obj/hal.o
 .ARM.attributes
                0x0000045c       0x39 build/obj/adc.o
 .ARM.attributes
                0x00000495       0x39 build/obj/ext.o
 .ARM.attributes
                0x000004ce       0x39 build/obj/gpt.o
 .ARM.attributes
                0x00000507       0x39 build/obj/icu.o
 .ARM.attributes
                0x00000540       0x39 build/obj/mmcsd.o
 .ARM.attributes
                0x00000579       0x39 build/obj/rtc.o
 .ARM.attributes
                0x000005b2       0x39 build/obj/sdc.o
 .ARM.attributes
                0x000005eb       0x39 build/obj/serial.o
 .ARM.attributes
                0x00000624       0x39 build/obj/spi.o
 .ARM.attributes
                0x0000065d       0x39 build/obj/stm32_dma.o
 .ARM.attributes
                0x00000696       0x39 build/obj/hal_lld.o
 .ARM.attributes
                0x000006cf       0x39 build/obj/adc_lld.o
 .ARM.attributes
                0x00000708       0x39 build/obj/ext_lld_isr.o
 .ARM.attributes
                0x00000741       0x39 build/obj/ext_lld.o
 .ARM.attributes
                0x0000077a       0x39 build/obj/sdc_lld.o
 .ARM.attributes
                0x000007b3       0x39 build/obj/pal_lld.o
 .ARM.attributes
                0x000007ec       0x39 build/obj/rtc_lld.o
 .ARM.attributes
                0x00000825       0x39 build/obj/spi_lld.o
 .ARM.attributes
                0x0000085e       0x39 build/obj/gpt_lld.o
 .ARM.attributes
                0x00000897       0x39 build/obj/icu_lld.o
 .ARM.attributes
                0x000008d0       0x39 build/obj/serial_lld.o
 .ARM.attributes
                0x00000909       0x39 build/obj/board.o
 .ARM.attributes
                0x00000942       0x39 build/obj/chprintf.o
 .ARM.attributes
                0x0000097b       0x39 build/obj/memstreams.o
 .ARM.attributes
                0x000009b4       0x39 build/obj/shell.o
 .ARM.attributes
                0x000009ed       0x39 build/obj/kb_buttons.o
 .ARM.attributes
                0x00000a26       0x39 build/obj/kb_debug.o
 .ARM.attributes
                0x00000a5f       0x39 build/obj/kb_util.o
 .ARM.attributes
                0x00000a98       0x39 build/obj/glcdfont.o
 .ARM.attributes
                0x00000ad1       0x39 build/obj/main.o
 .ARM.attributes
                0x00000b0a       0x39 build/obj/spiEEPROM.o
 .ARM.attributes
                0x00000b43       0x39 build/obj/ST7565.o
 .ARM.attributes
                0x00000b7c       0x2e c:/chibistudio/tools/gnu tools arm embedded/4.7 2013q1/bin/../lib/gcc/arm-none-eabi/4.7.3/../../../../arm-none-eabi/lib/armv7e-m\libm.a(lib_a-w_sqrt.o)
 .ARM.attributes
                0x00000baa       0x2e c:/chibistudio/tools/gnu tools arm embedded/4.7 2013q1/bin/../lib/gcc/arm-none-eabi/4.7.3/../../../../arm-none-eabi/lib/armv7e-m\libm.a(lib_a-e_sqrt.o)
 .ARM.attributes
                0x00000bd8       0x2e c:/chibistudio/tools/gnu tools arm embedded/4.7 2013q1/bin/../lib/gcc/arm-none-eabi/4.7.3/../../../../arm-none-eabi/lib/armv7e-m\libm.a(lib_a-s_fpclassify.o)
 .ARM.attributes
                0x00000c06       0x2e c:/chibistudio/tools/gnu tools arm embedded/4.7 2013q1/bin/../lib/gcc/arm-none-eabi/4.7.3/../../../../arm-none-eabi/lib/armv7e-m\libm.a(lib_a-s_lib_ver.o)
 .ARM.attributes
                0x00000c34       0x2e c:/chibistudio/tools/gnu tools arm embedded/4.7 2013q1/bin/../lib/gcc/arm-none-eabi/4.7.3/../../../../arm-none-eabi/lib/armv7e-m\libm.a(lib_a-s_matherr.o)
 .ARM.attributes
                0x00000c62       0x1e c:/chibistudio/tools/gnu tools arm embedded/4.7 2013q1/bin/../lib/gcc/arm-none-eabi/4.7.3/armv7e-m\libgcc.a(_arm_addsubdf3.o)
 .ARM.attributes
                0x00000c80       0x1e c:/chibistudio/tools/gnu tools arm embedded/4.7 2013q1/bin/../lib/gcc/arm-none-eabi/4.7.3/armv7e-m\libgcc.a(_arm_muldivdf3.o)
 .ARM.attributes
                0x00000c9e       0x1e c:/chibistudio/tools/gnu tools arm embedded/4.7 2013q1/bin/../lib/gcc/arm-none-eabi/4.7.3/armv7e-m\libgcc.a(_arm_cmpdf2.o)
 .ARM.attributes
                0x00000cbc       0x1e c:/chibistudio/tools/gnu tools arm embedded/4.7 2013q1/bin/../lib/gcc/arm-none-eabi/4.7.3/armv7e-m\libgcc.a(_arm_fixdfsi.o)
 .ARM.attributes
                0x00000cda       0x1e c:/chibistudio/tools/gnu tools arm embedded/4.7 2013q1/bin/../lib/gcc/arm-none-eabi/4.7.3/armv7e-m\libgcc.a(_arm_fixunsdfsi.o)
 .ARM.attributes
                0x00000cf8       0x1e c:/chibistudio/tools/gnu tools arm embedded/4.7 2013q1/bin/../lib/gcc/arm-none-eabi/4.7.3/armv7e-m\libgcc.a(_arm_truncdfsf2.o)
 .ARM.attributes
                0x00000d16       0x2e c:/chibistudio/tools/gnu tools arm embedded/4.7 2013q1/bin/../lib/gcc/arm-none-eabi/4.7.3/../../../../arm-none-eabi/lib/armv7e-m\libc.a(lib_a-atoi.o)
 .ARM.attributes
                0x00000d44       0x2e c:/chibistudio/tools/gnu tools arm embedded/4.7 2013q1/bin/../lib/gcc/arm-none-eabi/4.7.3/../../../../arm-none-eabi/lib/armv7e-m\libc.a(lib_a-errno.o)
 .ARM.attributes
                0x00000d72       0x2e c:/chibistudio/tools/gnu tools arm embedded/4.7 2013q1/bin/../lib/gcc/arm-none-eabi/4.7.3/../../../../arm-none-eabi/lib/armv7e-m\libc.a(lib_a-impure.o)
 .ARM.attributes
                0x00000da0       0x2e c:/chibistudio/tools/gnu tools arm embedded/4.7 2013q1/bin/../lib/gcc/arm-none-eabi/4.7.3/../../../../arm-none-eabi/lib/armv7e-m\libc.a(lib_a-memcpy.o)
 .ARM.attributes
                0x00000dce       0x2e c:/chibistudio/tools/gnu tools arm embedded/4.7 2013q1/bin/../lib/gcc/arm-none-eabi/4.7.3/../../../../arm-none-eabi/lib/armv7e-m\libc.a(lib_a-memset.o)
 .ARM.attributes
                0x00000dfc       0x2e c:/chibistudio/tools/gnu tools arm embedded/4.7 2013q1/bin/../lib/gcc/arm-none-eabi/4.7.3/../../../../arm-none-eabi/lib/armv7e-m\libc.a(lib_a-strcasecmp.o)
 .ARM.attributes
                0x00000e2a       0x2e c:/chibistudio/tools/gnu tools arm embedded/4.7 2013q1/bin/../lib/gcc/arm-none-eabi/4.7.3/../../../../arm-none-eabi/lib/armv7e-m\libc.a(lib_a-strlen.o)
 .ARM.attributes
                0x00000e58       0x2e c:/chibistudio/tools/gnu tools arm embedded/4.7 2013q1/bin/../lib/gcc/arm-none-eabi/4.7.3/../../../../arm-none-eabi/lib/armv7e-m\libc.a(lib_a-strncpy.o)
 .ARM.attributes
                0x00000e86       0x2e c:/chibistudio/tools/gnu tools arm embedded/4.7 2013q1/bin/../lib/gcc/arm-none-eabi/4.7.3/../../../../arm-none-eabi/lib/armv7e-m\libc.a(lib_a-strpbrk.o)
 .ARM.attributes
                0x00000eb4       0x2e c:/chibistudio/tools/gnu tools arm embedded/4.7 2013q1/bin/../lib/gcc/arm-none-eabi/4.7.3/../../../../arm-none-eabi/lib/armv7e-m\libc.a(lib_a-strspn.o)
 .ARM.attributes
                0x00000ee2       0x2e c:/chibistudio/tools/gnu tools arm embedded/4.7 2013q1/bin/../lib/gcc/arm-none-eabi/4.7.3/../../../../arm-none-eabi/lib/armv7e-m\libc.a(lib_a-strtol.o)
 .ARM.attributes
                0x00000f10       0x2e c:/chibistudio/tools/gnu tools arm embedded/4.7 2013q1/bin/../lib/gcc/arm-none-eabi/4.7.3/../../../../arm-none-eabi/lib/armv7e-m\libc.a(lib_a-ctype_.o)

.comment        0x00000000       0x70
 .comment       0x00000000       0x70 build/obj/crt0.o
                                 0x71 (size before relaxing)
 .comment       0x00000000       0x71 build/obj/vectors.o
 .comment       0x00000000       0x71 build/obj/chcore.o
 .comment       0x00000000       0x71 build/obj/chcore_v7m.o
 .comment       0x00000000       0x71 build/obj/nvic.o
 .comment       0x00000000       0x71 build/obj/chsys.o
 .comment       0x00000000       0x71 build/obj/chdebug.o
 .comment       0x00000000       0x71 build/obj/chvt.o
 .comment       0x00000000       0x71 build/obj/chschd.o
 .comment       0x00000000       0x71 build/obj/chthreads.o
 .comment       0x00000000       0x71 build/obj/chdynamic.o
 .comment       0x00000000       0x71 build/obj/chregistry.o
 .comment       0x00000000       0x71 build/obj/chmtx.o
 .comment       0x00000000       0x71 build/obj/chevents.o
 .comment       0x00000000       0x71 build/obj/chqueues.o
 .comment       0x00000000       0x71 build/obj/chmemcore.o
 .comment       0x00000000       0x71 build/obj/chheap.o
 .comment       0x00000000       0x71 build/obj/chmempools.o
 .comment       0x00000000       0x71 build/obj/hal.o
 .comment       0x00000000       0x71 build/obj/adc.o
 .comment       0x00000000       0x71 build/obj/ext.o
 .comment       0x00000000       0x71 build/obj/gpt.o
 .comment       0x00000000       0x71 build/obj/icu.o
 .comment       0x00000000       0x71 build/obj/mmcsd.o
 .comment       0x00000000       0x71 build/obj/rtc.o
 .comment       0x00000000       0x71 build/obj/sdc.o
 .comment       0x00000000       0x71 build/obj/serial.o
 .comment       0x00000000       0x71 build/obj/spi.o
 .comment       0x00000000       0x71 build/obj/stm32_dma.o
 .comment       0x00000000       0x71 build/obj/hal_lld.o
 .comment       0x00000000       0x71 build/obj/adc_lld.o
 .comment       0x00000000       0x71 build/obj/ext_lld_isr.o
 .comment       0x00000000       0x71 build/obj/ext_lld.o
 .comment       0x00000000       0x71 build/obj/sdc_lld.o
 .comment       0x00000000       0x71 build/obj/pal_lld.o
 .comment       0x00000000       0x71 build/obj/rtc_lld.o
 .comment       0x00000000       0x71 build/obj/spi_lld.o
 .comment       0x00000000       0x71 build/obj/gpt_lld.o
 .comment       0x00000000       0x71 build/obj/icu_lld.o
 .comment       0x00000000       0x71 build/obj/serial_lld.o
 .comment       0x00000000       0x71 build/obj/board.o
 .comment       0x00000000       0x71 build/obj/chprintf.o
 .comment       0x00000000       0x71 build/obj/memstreams.o
 .comment       0x00000000       0x71 build/obj/shell.o
 .comment       0x00000000       0x71 build/obj/kb_buttons.o
 .comment       0x00000000       0x71 build/obj/kb_debug.o
 .comment       0x00000000       0x71 build/obj/kb_util.o
 .comment       0x00000000       0x71 build/obj/glcdfont.o
 .comment       0x00000000       0x71 build/obj/main.o
 .comment       0x00000000       0x71 build/obj/spiEEPROM.o
 .comment       0x00000000       0x71 build/obj/ST7565.o

.debug_info     0x00000000    0x1be92
 .debug_info    0x00000000      0x2a3 build/obj/crt0.o
 .debug_info    0x000002a3      0x1f0 build/obj/vectors.o
 .debug_info    0x00000493       0x9a build/obj/chcore.o
 .debug_info    0x0000052d      0xa98 build/obj/chcore_v7m.o
 .debug_info    0x00000fc5      0x44d build/obj/nvic.o
 .debug_info    0x00001412      0x8c0 build/obj/chsys.o
 .debug_info    0x00001cd2      0x8fe build/obj/chdebug.o
 .debug_info    0x000025d0      0x272 build/obj/chvt.o
 .debug_info    0x00002842      0x92a build/obj/chschd.o
 .debug_info    0x0000316c      0xb9b build/obj/chthreads.o
 .debug_info    0x00003d07      0x86d build/obj/chdynamic.o
 .debug_info    0x00004574      0x77d build/obj/chregistry.o
 .debug_info    0x00004cf1      0x92f build/obj/chmtx.o
 .debug_info    0x00005620      0xdd6 build/obj/chevents.o
 .debug_info    0x000063f6      0xbad build/obj/chqueues.o
 .debug_info    0x00006fa3      0x1e6 build/obj/chmemcore.o
 .debug_info    0x00007189      0x75f build/obj/chheap.o
 .debug_info    0x000078e8      0x300 build/obj/chmempools.o
 .debug_info    0x00007be8      0x325 build/obj/hal.o
 .debug_info    0x00007f0d      0xdba build/obj/adc.o
 .debug_info    0x00008cc7      0x3e0 build/obj/ext.o
 .debug_info    0x000090a7      0x697 build/obj/gpt.o
 .debug_info    0x0000973e      0x57f build/obj/icu.o
 .debug_info    0x00009cbd      0x18f build/obj/mmcsd.o
 .debug_info    0x00009e4c      0x609 build/obj/rtc.o
 .debug_info    0x0000a455      0xea7 build/obj/sdc.o
 .debug_info    0x0000b2fc      0xdb2 build/obj/serial.o
 .debug_info    0x0000c0ae      0xfc7 build/obj/spi.o
 .debug_info    0x0000d075      0xa1c build/obj/stm32_dma.o
 .debug_info    0x0000da91      0x4c2 build/obj/hal_lld.o
 .debug_info    0x0000df53     0x1261 build/obj/adc_lld.o
 .debug_info    0x0000f1b4      0x5eb build/obj/ext_lld_isr.o
 .debug_info    0x0000f79f      0x3c7 build/obj/ext_lld.o
 .debug_info    0x0000fb66     0x1656 build/obj/sdc_lld.o
 .debug_info    0x000111bc      0x60c build/obj/pal_lld.o
 .debug_info    0x000117c8      0x682 build/obj/rtc_lld.o
 .debug_info    0x00011e4a      0xf0a build/obj/spi_lld.o
 .debug_info    0x00012d54      0x8f0 build/obj/gpt_lld.o
 .debug_info    0x00013644      0x96e build/obj/icu_lld.o
 .debug_info    0x00013fb2     0x11c6 build/obj/serial_lld.o
 .debug_info    0x00015178      0xcb7 build/obj/board.o
 .debug_info    0x00015e2f      0x41e build/obj/chprintf.o
 .debug_info    0x0001624d      0x377 build/obj/memstreams.o
 .debug_info    0x000165c4      0xc6d build/obj/shell.o
 .debug_info    0x00017231      0x382 build/obj/kb_buttons.o
 .debug_info    0x000175b3      0xc92 build/obj/kb_debug.o
 .debug_info    0x00018245      0x169 build/obj/kb_util.o
 .debug_info    0x000183ae       0x54 build/obj/glcdfont.o
 .debug_info    0x00018402     0x1dd7 build/obj/main.o
 .debug_info    0x0001a1d9      0xca2 build/obj/spiEEPROM.o
 .debug_info    0x0001ae7b     0x1017 build/obj/ST7565.o

.debug_abbrev   0x00000000     0x507a
 .debug_abbrev  0x00000000       0xaf build/obj/crt0.o
 .debug_abbrev  0x000000af       0xb1 build/obj/vectors.o
 .debug_abbrev  0x00000160       0x44 build/obj/chcore.o
 .debug_abbrev  0x000001a4      0x1ba build/obj/chcore_v7m.o
 .debug_abbrev  0x0000035e       0xf2 build/obj/nvic.o
 .debug_abbrev  0x00000450      0x18d build/obj/chsys.o
 .debug_abbrev  0x000005dd      0x1ea build/obj/chdebug.o
 .debug_abbrev  0x000007c7      0x126 build/obj/chvt.o
 .debug_abbrev  0x000008ed      0x204 build/obj/chschd.o
 .debug_abbrev  0x00000af1      0x22c build/obj/chthreads.o
 .debug_abbrev  0x00000d1d      0x17d build/obj/chdynamic.o
 .debug_abbrev  0x00000e9a      0x14b build/obj/chregistry.o
 .debug_abbrev  0x00000fe5      0x1c8 build/obj/chmtx.o
 .debug_abbrev  0x000011ad      0x1fe build/obj/chevents.o
 .debug_abbrev  0x000013ab      0x244 build/obj/chqueues.o
 .debug_abbrev  0x000015ef       0xf9 build/obj/chmemcore.o
 .debug_abbrev  0x000016e8      0x181 build/obj/chheap.o
 .debug_abbrev  0x00001869      0x124 build/obj/chmempools.o
 .debug_abbrev  0x0000198d      0x129 build/obj/hal.o
 .debug_abbrev  0x00001ab6      0x1ff build/obj/adc.o
 .debug_abbrev  0x00001cb5      0x160 build/obj/ext.o
 .debug_abbrev  0x00001e15      0x187 build/obj/gpt.o
 .debug_abbrev  0x00001f9c      0x15e build/obj/icu.o
 .debug_abbrev  0x000020fa       0xd5 build/obj/mmcsd.o
 .debug_abbrev  0x000021cf      0x146 build/obj/rtc.o
 .debug_abbrev  0x00002315      0x252 build/obj/sdc.o
 .debug_abbrev  0x00002567      0x209 build/obj/serial.o
 .debug_abbrev  0x00002770      0x206 build/obj/spi.o
 .debug_abbrev  0x00002976      0x1ad build/obj/stm32_dma.o
 .debug_abbrev  0x00002b23      0x104 build/obj/hal_lld.o
 .debug_abbrev  0x00002c27      0x26c build/obj/adc_lld.o
 .debug_abbrev  0x00002e93      0x184 build/obj/ext_lld_isr.o
 .debug_abbrev  0x00003017      0x19e build/obj/ext_lld.o
 .debug_abbrev  0x000031b5      0x2f8 build/obj/sdc_lld.o
 .debug_abbrev  0x000034ad      0x172 build/obj/pal_lld.o
 .debug_abbrev  0x0000361f      0x1a0 build/obj/rtc_lld.o
 .debug_abbrev  0x000037bf      0x257 build/obj/spi_lld.o
 .debug_abbrev  0x00003a16      0x1a9 build/obj/gpt_lld.o
 .debug_abbrev  0x00003bbf      0x1db build/obj/icu_lld.o
 .debug_abbrev  0x00003d9a      0x236 build/obj/serial_lld.o
 .debug_abbrev  0x00003fd0      0x1b6 build/obj/board.o
 .debug_abbrev  0x00004186      0x155 build/obj/chprintf.o
 .debug_abbrev  0x000042db      0x117 build/obj/memstreams.o
 .debug_abbrev  0x000043f2      0x1db build/obj/shell.o
 .debug_abbrev  0x000045cd      0x159 build/obj/kb_buttons.o
 .debug_abbrev  0x00004726      0x18f build/obj/kb_debug.o
 .debug_abbrev  0x000048b5       0xa3 build/obj/kb_util.o
 .debug_abbrev  0x00004958       0x45 build/obj/glcdfont.o
 .debug_abbrev  0x0000499d      0x2aa build/obj/main.o
 .debug_abbrev  0x00004c47      0x1dc build/obj/spiEEPROM.o
 .debug_abbrev  0x00004e23      0x257 build/obj/ST7565.o

.debug_aranges  0x00000000     0x11b0
 .debug_aranges
                0x00000000       0x38 build/obj/crt0.o
 .debug_aranges
                0x00000038       0x20 build/obj/vectors.o
 .debug_aranges
                0x00000058       0x20 build/obj/chcore.o
 .debug_aranges
                0x00000078       0x50 build/obj/chcore_v7m.o
 .debug_aranges
                0x000000c8       0x30 build/obj/nvic.o
 .debug_aranges
                0x000000f8       0x30 build/obj/chsys.o
 .debug_aranges
                0x00000128       0x88 build/obj/chdebug.o
 .debug_aranges
                0x000001b0       0x38 build/obj/chvt.o
 .debug_aranges
                0x000001e8       0x78 build/obj/chschd.o
 .debug_aranges
                0x00000260       0x90 build/obj/chthreads.o
 .debug_aranges
                0x000002f0       0x38 build/obj/chdynamic.o
 .debug_aranges
                0x00000328       0x28 build/obj/chregistry.o
 .debug_aranges
                0x00000350       0x70 build/obj/chmtx.o
 .debug_aranges
                0x000003c0       0xa0 build/obj/chevents.o
 .debug_aranges
                0x00000460       0x80 build/obj/chqueues.o
 .debug_aranges
                0x000004e0       0x38 build/obj/chmemcore.o
 .debug_aranges
                0x00000518       0x40 build/obj/chheap.o
 .debug_aranges
                0x00000558       0x48 build/obj/chmempools.o
 .debug_aranges
                0x000005a0       0x30 build/obj/hal.o
 .debug_aranges
                0x000005d0       0x70 build/obj/adc.o
 .debug_aranges
                0x00000640       0x50 build/obj/ext.o
 .debug_aranges
                0x00000690       0x78 build/obj/gpt.o
 .debug_aranges
                0x00000708       0x48 build/obj/icu.o
 .debug_aranges
                0x00000750       0x28 build/obj/mmcsd.o
 .debug_aranges
                0x00000778       0x48 build/obj/rtc.o
 .debug_aranges
                0x000007c0       0x80 build/obj/sdc.o
 .debug_aranges
                0x00000840       0x88 build/obj/serial.o
 .debug_aranges
                0x000008c8       0x98 build/obj/spi.o
 .debug_aranges
                0x00000960       0xb0 build/obj/stm32_dma.o
 .debug_aranges
                0x00000a10       0x30 build/obj/hal_lld.o
 .debug_aranges
                0x00000a40       0x70 build/obj/adc_lld.o
 .debug_aranges
                0x00000ab0       0x98 build/obj/ext_lld_isr.o
 .debug_aranges
                0x00000b48       0x40 build/obj/ext_lld.o
 .debug_aranges
                0x00000b88       0xc8 build/obj/sdc_lld.o
 .debug_aranges
                0x00000c50       0x30 build/obj/pal_lld.o
 .debug_aranges
                0x00000c80       0x58 build/obj/rtc_lld.o
 .debug_aranges
                0x00000cd8       0x78 build/obj/spi_lld.o
 .debug_aranges
                0x00000d50       0x60 build/obj/gpt_lld.o
 .debug_aranges
                0x00000db0       0x58 build/obj/icu_lld.o
 .debug_aranges
                0x00000e08       0x80 build/obj/serial_lld.o
 .debug_aranges
                0x00000e88       0x38 build/obj/board.o
 .debug_aranges
                0x00000ec0       0x38 build/obj/chprintf.o
 .debug_aranges
                0x00000ef8       0x40 build/obj/memstreams.o
 .debug_aranges
                0x00000f38       0x70 build/obj/shell.o
 .debug_aranges
                0x00000fa8       0x40 build/obj/kb_buttons.o
 .debug_aranges
                0x00000fe8       0x20 build/obj/kb_debug.o
 .debug_aranges
                0x00001008       0x28 build/obj/kb_util.o
 .debug_aranges
                0x00001030       0x18 build/obj/glcdfont.o
 .debug_aranges
                0x00001048       0x98 build/obj/main.o
 .debug_aranges
                0x000010e0       0x60 build/obj/spiEEPROM.o
 .debug_aranges
                0x00001140       0x70 build/obj/ST7565.o

.debug_ranges   0x00000000      0xec8
 .debug_ranges  0x00000000       0x28 build/obj/crt0.o
 .debug_ranges  0x00000028       0x10 build/obj/vectors.o
 .debug_ranges  0x00000038       0x10 build/obj/chcore.o
 .debug_ranges  0x00000048       0x40 build/obj/chcore_v7m.o
 .debug_ranges  0x00000088       0x20 build/obj/nvic.o
 .debug_ranges  0x000000a8       0x20 build/obj/chsys.o
 .debug_ranges  0x000000c8       0x78 build/obj/chdebug.o
 .debug_ranges  0x00000140       0x28 build/obj/chvt.o
 .debug_ranges  0x00000168       0x68 build/obj/chschd.o
 .debug_ranges  0x000001d0       0x80 build/obj/chthreads.o
 .debug_ranges  0x00000250       0x28 build/obj/chdynamic.o
 .debug_ranges  0x00000278       0x18 build/obj/chregistry.o
 .debug_ranges  0x00000290       0x60 build/obj/chmtx.o
 .debug_ranges  0x000002f0       0x90 build/obj/chevents.o
 .debug_ranges  0x00000380       0x70 build/obj/chqueues.o
 .debug_ranges  0x000003f0       0x28 build/obj/chmemcore.o
 .debug_ranges  0x00000418       0x30 build/obj/chheap.o
 .debug_ranges  0x00000448       0x38 build/obj/chmempools.o
 .debug_ranges  0x00000480       0x20 build/obj/hal.o
 .debug_ranges  0x000004a0       0x60 build/obj/adc.o
 .debug_ranges  0x00000500       0x40 build/obj/ext.o
 .debug_ranges  0x00000540       0x68 build/obj/gpt.o
 .debug_ranges  0x000005a8       0x38 build/obj/icu.o
 .debug_ranges  0x000005e0       0x18 build/obj/mmcsd.o
 .debug_ranges  0x000005f8       0x38 build/obj/rtc.o
 .debug_ranges  0x00000630       0x88 build/obj/sdc.o
 .debug_ranges  0x000006b8       0x78 build/obj/serial.o
 .debug_ranges  0x00000730       0x88 build/obj/spi.o
 .debug_ranges  0x000007b8       0xa0 build/obj/stm32_dma.o
 .debug_ranges  0x00000858       0x20 build/obj/hal_lld.o
 .debug_ranges  0x00000878       0x60 build/obj/adc_lld.o
 .debug_ranges  0x000008d8       0x88 build/obj/ext_lld_isr.o
 .debug_ranges  0x00000960       0x30 build/obj/ext_lld.o
 .debug_ranges  0x00000990       0xb8 build/obj/sdc_lld.o
 .debug_ranges  0x00000a48       0x20 build/obj/pal_lld.o
 .debug_ranges  0x00000a68       0x48 build/obj/rtc_lld.o
 .debug_ranges  0x00000ab0       0x68 build/obj/spi_lld.o
 .debug_ranges  0x00000b18       0x50 build/obj/gpt_lld.o
 .debug_ranges  0x00000b68       0x48 build/obj/icu_lld.o
 .debug_ranges  0x00000bb0       0x70 build/obj/serial_lld.o
 .debug_ranges  0x00000c20       0x28 build/obj/board.o
 .debug_ranges  0x00000c48       0x28 build/obj/chprintf.o
 .debug_ranges  0x00000c70       0x30 build/obj/memstreams.o
 .debug_ranges  0x00000ca0       0x80 build/obj/shell.o
 .debug_ranges  0x00000d20       0x30 build/obj/kb_buttons.o
 .debug_ranges  0x00000d50       0x10 build/obj/kb_debug.o
 .debug_ranges  0x00000d60       0x18 build/obj/kb_util.o
 .debug_ranges  0x00000d78       0x88 build/obj/main.o
 .debug_ranges  0x00000e00       0x50 build/obj/spiEEPROM.o
 .debug_ranges  0x00000e50       0x78 build/obj/ST7565.o

.debug_line     0x00000000     0x8f68
 .debug_line    0x00000000      0x169 build/obj/crt0.o
 .debug_line    0x00000169       0xf3 build/obj/vectors.o
 .debug_line    0x0000025c       0x60 build/obj/chcore.o
 .debug_line    0x000002bc      0x22c build/obj/chcore_v7m.o
 .debug_line    0x000004e8      0x122 build/obj/nvic.o
 .debug_line    0x0000060a      0x1d5 build/obj/chsys.o
 .debug_line    0x000007df      0x2dd build/obj/chdebug.o
 .debug_line    0x00000abc      0x1d3 build/obj/chvt.o
 .debug_line    0x00000c8f      0x308 build/obj/chschd.o
 .debug_line    0x00000f97      0x3ad build/obj/chthreads.o
 .debug_line    0x00001344      0x279 build/obj/chdynamic.o
 .debug_line    0x000015bd      0x218 build/obj/chregistry.o
 .debug_line    0x000017d5      0x317 build/obj/chmtx.o
 .debug_line    0x00001aec      0x370 build/obj/chevents.o
 .debug_line    0x00001e5c      0x3b7 build/obj/chqueues.o
 .debug_line    0x00002213      0x18f build/obj/chmemcore.o
 .debug_line    0x000023a2      0x2c1 build/obj/chheap.o
 .debug_line    0x00002663      0x233 build/obj/chmempools.o
 .debug_line    0x00002896      0x24f build/obj/hal.o
 .debug_line    0x00002ae5      0x419 build/obj/adc.o
 .debug_line    0x00002efe      0x268 build/obj/ext.o
 .debug_line    0x00003166      0x2e5 build/obj/gpt.o
 .debug_line    0x0000344b      0x24c build/obj/icu.o
 .debug_line    0x00003697      0x148 build/obj/mmcsd.o
 .debug_line    0x000037df      0x282 build/obj/rtc.o
 .debug_line    0x00003a61      0x491 build/obj/sdc.o
 .debug_line    0x00003ef2      0x402 build/obj/serial.o
 .debug_line    0x000042f4      0x5c6 build/obj/spi.o
 .debug_line    0x000048ba      0x371 build/obj/stm32_dma.o
 .debug_line    0x00004c2b      0x1f1 build/obj/hal_lld.o
 .debug_line    0x00004e1c      0x491 build/obj/adc_lld.o
 .debug_line    0x000052ad      0x300 build/obj/ext_lld_isr.o
 .debug_line    0x000055ad      0x213 build/obj/ext_lld.o
 .debug_line    0x000057c0      0x4e5 build/obj/sdc_lld.o
 .debug_line    0x00005ca5      0x1c8 build/obj/pal_lld.o
 .debug_line    0x00005e6d      0x2c4 build/obj/rtc_lld.o
 .debug_line    0x00006131      0x45e build/obj/spi_lld.o
 .debug_line    0x0000658f      0x287 build/obj/gpt_lld.o
 .debug_line    0x00006816      0x29c build/obj/icu_lld.o
 .debug_line    0x00006ab2      0x3f8 build/obj/serial_lld.o
 .debug_line    0x00006eaa      0x2a4 build/obj/board.o
 .debug_line    0x0000714e      0x2dc build/obj/chprintf.o
 .debug_line    0x0000742a      0x1eb build/obj/memstreams.o
 .debug_line    0x00007615      0x39a build/obj/shell.o
 .debug_line    0x000079af      0x239 build/obj/kb_buttons.o
 .debug_line    0x00007be8      0x2e5 build/obj/kb_debug.o
 .debug_line    0x00007ecd      0x139 build/obj/kb_util.o
 .debug_line    0x00008006       0x31 build/obj/glcdfont.o
 .debug_line    0x00008037      0x71a build/obj/main.o
 .debug_line    0x00008751      0x37d build/obj/spiEEPROM.o
 .debug_line    0x00008ace      0x49a build/obj/ST7565.o

.debug_str      0x00000000     0x3e2c
 .debug_str     0x00000000      0x207 build/obj/crt0.o
                                0x23b (size before relaxing)
 .debug_str     0x00000207      0x14d build/obj/vectors.o
                                0x26b (size before relaxing)
 .debug_str     0x00000354       0x35 build/obj/chcore.o
                                0x13e (size before relaxing)
 .debug_str     0x00000389      0x2e3 build/obj/chcore_v7m.o
                                0x423 (size before relaxing)
 .debug_str     0x0000066c       0xc3 build/obj/nvic.o
                                0x23d (size before relaxing)
 .debug_str     0x0000072f      0x1d2 build/obj/chsys.o
                                0x4b1 (size before relaxing)
 .debug_str     0x00000901      0x1ab build/obj/chdebug.o
                                0x4de (size before relaxing)
 .debug_str     0x00000aac       0x5d build/obj/chvt.o
                                0x1da (size before relaxing)
 .debug_str     0x00000b09       0xff build/obj/chschd.o
                                0x41e (size before relaxing)
 .debug_str     0x00000c08      0x110 build/obj/chthreads.o
                                0x454 (size before relaxing)
 .debug_str     0x00000d18       0xf4 build/obj/chdynamic.o
                                0x3c5 (size before relaxing)
 .debug_str     0x00000e0c       0x4a build/obj/chregistry.o
                                0x420 (size before relaxing)
 .debug_str     0x00000e56       0x92 build/obj/chmtx.o
                                0x38c (size before relaxing)
 .debug_str     0x00000ee8      0x1c1 build/obj/chevents.o
                                0x4a8 (size before relaxing)
 .debug_str     0x000010a9      0x12e build/obj/chqueues.o
                                0x42e (size before relaxing)
 .debug_str     0x000011d7       0x83 build/obj/chmemcore.o
                                0x1a9 (size before relaxing)
 .debug_str     0x0000125a       0x72 build/obj/chheap.o
                                0x374 (size before relaxing)
 .debug_str     0x000012cc       0x74 build/obj/chmempools.o
                                0x1f7 (size before relaxing)
 .debug_str     0x00001340      0x13d build/obj/hal.o
                                0x271 (size before relaxing)
 .debug_str     0x0000147d      0x2b0 build/obj/adc.o
                                0x5ce (size before relaxing)
 .debug_str     0x0000172d       0xf7 build/obj/ext.o
                                0x241 (size before relaxing)
 .debug_str     0x00001824      0x1b0 build/obj/gpt.o
                                0x2e4 (size before relaxing)
 .debug_str     0x000019d4      0x15e build/obj/icu.o
                                0x2f5 (size before relaxing)
 .debug_str     0x00001b32       0x63 build/obj/mmcsd.o
                                0x195 (size before relaxing)
 .debug_str     0x00001b95      0x1b7 build/obj/rtc.o
                                0x2eb (size before relaxing)
 .debug_str     0x00001d4c      0x2b0 build/obj/sdc.o
                                0x5fc (size before relaxing)
 .debug_str     0x00001ffc      0x13f build/obj/serial.o
                                0x4f8 (size before relaxing)
 .debug_str     0x0000213b      0x1f6 build/obj/spi.o
                                0x5c2 (size before relaxing)
 .debug_str     0x00002331      0x735 build/obj/stm32_dma.o
                                0x92c (size before relaxing)
 .debug_str     0x00002a66       0xcc build/obj/hal_lld.o
                                0x344 (size before relaxing)
 .debug_str     0x00002b32      0x13b build/obj/adc_lld.o
                                0xc3c (size before relaxing)
 .debug_str     0x00002c6d      0x11a build/obj/ext_lld_isr.o